[    0.000000] Booting Linux on physical CPU 0x0
[    0.000000] Linux version 4.19.157+ (se59@tripod-dept3-srv5) (clang version 10.0.7 for Android NDK, GNU ld (binutils-2.27-bd24d23f) 2.27.0.20170315) #7 SMP PREEMPT Fri Dec 31 16:49:30 CST 2021
[    0.000000] CPU: ARMv7 Processor [51af8014] revision 4 (ARMv7), cr=10c0383d
[    0.000000] CPU: div instructions available: patching division code
[    0.000000] CPU: PIPT / VIPT nonaliasing data cache, VIPT aliasing instruction cache
[    0.000000] OF: fdt: Machine model: Qualcomm Technologies, Inc. BENGAL-IOT IDP Overlay
[    0.000000] earlycon: msm_geni_serial0 at MMIO 0x04a90000 (options '')
[    0.000000] bootconsole [msm_geni_serial0] enabled
[    0.000000] Memory policy: Data cache writealloc
[    0.000000] efi: Getting EFI parameters from FDT:
[    0.000000] efi: UEFI not found.
[    0.000000] OF: reserved mem: OVERLAP DETECTED!\x0adisp_rdump_region@5c000000 (0x5c000000--0x5cf00000) overlaps with cont_splash_region@5c000000 (0x5c000000--0x5cf00000)
[    0.000000] Reserved memory: created CMA memory pool at 0xbe000000, size 32 MiB
[    0.000000] OF: reserved mem: initialized node linux,cma, compatible id shared-dma-pool
[    0.000000] Reserved memory: created CMA memory pool at 0xbd000000, size 16 MiB
[    0.000000] OF: reserved mem: initialized node qseecom_ta_region, compatible id shared-dma-pool
[    0.000000] Reserved memory: created CMA memory pool at 0xbc000000, size 16 MiB
[    0.000000] OF: reserved mem: initialized node user_contig_region, compatible id shared-dma-pool
[    0.000000] Reserved memory: created CMA memory pool at 0xbac00000, size 20 MiB
[    0.000000] OF: reserved mem: initialized node qseecom_region, compatible id shared-dma-pool
[    0.000000] Reserved memory: created CMA memory pool at 0xba400000, size 8 MiB
[    0.000000] OF: reserved mem: initialized node mem_dump_region, compatible id shared-dma-pool
[    0.000000] Reserved memory: created CMA memory pool at 0xb9c00000, size 8 MiB
[    0.000000] OF: reserved mem: initialized node adsp_region, compatible id shared-dma-pool
[    0.000000] Reserved memory: created CMA memory pool at 0xb4000000, size 92 MiB
[    0.000000] OF: reserved mem: initialized node secure_display_region, compatible id shared-dma-pool
[    0.000000] Removed memory: created DMA memory pool at 0x45700000, size 6 MiB
[    0.000000] OF: reserved mem: initialized node hyp_region@45700000, compatible id removed-dma-pool
[    0.000000] Removed memory: created DMA memory pool at 0x45e00000, size 1 MiB
[    0.000000] OF: reserved mem: initialized node xbl_aop_region@45e00000, compatible id removed-dma-pool
[    0.000000] Removed memory: created DMA memory pool at 0x45fff000, size 0 MiB
[    0.000000] OF: reserved mem: initialized node sec_apps_region@45fff000, compatible id removed-dma-pool
[    0.000000] Removed memory: created DMA memory pool at 0x46000000, size 2 MiB
[    0.000000] OF: reserved mem: initialized node smem_region@46000000, compatible id removed-dma-pool
[    0.000000] Removed memory: created DMA memory pool at 0x46200000, size 30 MiB
[    0.000000] OF: reserved mem: initialized node cdsp_sec_regions@46200000, compatible id removed-dma-pool
[    0.000000] Removed memory: created DMA memory pool at 0x4ab00000, size 105 MiB
[    0.000000] OF: reserved mem: initialized node modem_region@4ab00000, compatible id removed-dma-pool
[    0.000000] Removed memory: created DMA memory pool at 0x51400000, size 5 MiB
[    0.000000] OF: reserved mem: initialized node pil_video_region@51400000, compatible id removed-dma-pool
[    0.000000] Removed memory: created DMA memory pool at 0x51900000, size 1 MiB
[    0.000000] OF: reserved mem: initialized node wlan_msa_region@51900000, compatible id removed-dma-pool
[    0.000000] Removed memory: created DMA memory pool at 0x51a00000, size 30 MiB
[    0.000000] OF: reserved mem: initialized node cdsp_regions@51a00000, compatible id removed-dma-pool
[    0.000000] Removed memory: created DMA memory pool at 0x53800000, size 30 MiB
[    0.000000] OF: reserved mem: initialized node pil_adsp_region@53800000, compatible id removed-dma-pool
[    0.000000] Removed memory: created DMA memory pool at 0x55600000, size 0 MiB
[    0.000000] OF: reserved mem: initialized node ipa_fw_region@55600000, compatible id removed-dma-pool
[    0.000000] Removed memory: created DMA memory pool at 0x55610000, size 0 MiB
[    0.000000] OF: reserved mem: initialized node ipa_gsi_region@55610000, compatible id removed-dma-pool
[    0.000000] Removed memory: created DMA memory pool at 0x55615000, size 0 MiB
[    0.000000] OF: reserved mem: initialized node gpu_region@55615000, compatible id removed-dma-pool
[    0.000000] Removed memory: created DMA memory pool at 0x60000000, size 57 MiB
[    0.000000] OF: reserved mem: initialized node removed_region@60000000, compatible id removed-dma-pool
[    0.000000] cma: dma_contiguous_reserve(limit ffffffff)
[    0.000000] On node 0 totalpages: 450472
[    0.000000] Normal zone: 1802 pages used for memmap
[    0.000000] Normal zone: 0 pages reserved
[    0.000000] Normal zone: 162216 pages, LIFO batch:31
[    0.000000] HighMem zone: 288256 pages, LIFO batch:63
[    0.000000] psci: probing for conduit method from DT.
[    0.000000] psci: PSCIv1.0 detected in firmware.
[    0.000000] psci: Using standard PSCI v0.2 function IDs
[    0.000000] psci: MIGRATE_INFO_TYPE not supported.
[    0.000000] psci: SMC Calling Convention v1.1
[    0.000000] random: fast init done
[    0.000000] percpu: max_distance=0x90000 too large for vmalloc space 0x0
[    0.000000] percpu: Embedded 18 pages/cpu s42456 r8192 d23080 u73728
[    0.000000] pcpu-alloc: s42456 r8192 d23080 u73728 alloc=18*4096
[    0.000000] pcpu-alloc: [0] 0 [0] 1 [0] 2 [0] 3 [0] 4 [0] 5 [0] 6 [0] 7 
[    0.000000] Built 1 zonelists, mobility grouping on.  Total pages: 448670
[    0.000000] Kernel command line: cgroup_disable=pressure rcupdate.rcu_expedited=1 rcu_nocbs=0-7 kpti=off console=ttyMSM0,115200n8 earlycon=msm_geni_serial,0x4a90000 androidboot.hardware=qcom androidboot.console=ttyMSM0 androidboot.memcg=1 lpm_levels.sleep_disabled=1 video=vfb:640x400,bpp=32,memsize=3072000 msm_rtb.filter=0x237 service_locator.enable=1 swiotlb=2048 vmalloc=115M loop.max_part=7 buildvariant=userdebug androidboot.verifiedbootstate=orange androidboot.keymaster=1 androidboot.vbmeta.device=PARTUUID=84c2a5d9-20d0-fec5-51bc-7adc7e1567b7 androidboot.vbmeta.avb_version=1.0 androidboot.vbmeta.device_state=unlocked androidboot.vbmeta.hash_alg=sha256 androidboot.vbmeta.size=7040 androidboot.vbmeta.digest=bb1f3d6ed27cd0afedbe2dcf0a5c1d42ccece3ef5027e7bbcf9ded4f31584520 androidboot.veritymode=disabled androidboot.bootdevice=4744000.sdhci androidboot.fstab_suffix=emmc androidboot.boot_devices=soc/4744000.sdhci androidboot.serialno=1f5c6c5d androidboot.baseband=msm androidboot.dtbo_idx=
[    0.000000] cgroup: Disabling pressure control group feature
[    0.000000] log_buf_len individual max cpu contribution: 131072 bytes
[    0.000000] log_buf_len total cpu_extra contributions: 917504 bytes
[    0.000000] log_buf_len min size: 131072 bytes
[    0.000000] log_buf_len: 1048576 bytes
[    0.000000] early log buf free: 123804(94%)
[    0.000000] Dentry cache hash table entries: 131072 (order: 7, 524288 bytes)
[    0.000000] Inode-cache hash table entries: 65536 (order: 6, 262144 bytes)
[    0.000000] allocated 18874368 bytes of page_ext
[    0.000000] mem auto-init: stack:off, heap alloc:off, heap free:off
[    0.000000] Memory: 1504032K/1801888K available (18432K kernel code, 1888K rwdata, 18464K rodata, 2048K init, 5710K bss, 101248K reserved, 196608K cma-reserved, 956416K highmem)
[    0.000000] Virtual kernel memory layout:\x0a    vector  : 0xffff0000 - 0xffff1000   (   4 kB)\x0a    fixmap  : 0xffc00000 - 0xfff00000   (3072 kB)
[    0.000000] \x09   vmalloc : 0xf8500000 - 0xff800000   ( 115 MB)
[    0.000000] \x09   lowmem  : 0xe3900000 - 0xf8500000   ( 332 MB)
[    0.000000] \x09   vmalloc : 0xe0000000 - 0xe3900000   (  57 MB)
[    0.000000] \x09   lowmem  : 0xd5617000 - 0xe0000000   ( 169 MB)
[    0.000000] \x09   vmalloc : 0xcab00000 - 0xd5617000   ( 171 MB)
[    0.000000] \x09   lowmem  : 0xc8000000 - 0xcab00000   (  43 MB)
[    0.000000] \x09   vmalloc : 0xc5fff000 - 0xc8000000   (  32 MB)
[    0.000000] \x09   lowmem  : 0xc5f40000 - 0xc5fff000   (   0 MB)
[    0.000000] \x09   vmalloc : 0xc5e00000 - 0xc5f40000   (   1 MB)
[    0.000000] \x09   lowmem  : 0xc5d00000 - 0xc5e00000   (   1 MB)
[    0.000000] \x09   vmalloc : 0xc5700000 - 0xc5d00000   (   6 MB)
[    0.000000] \x09   lowmem  : 0xc0000000 - 0xc5700000   (  87 MB)
[    0.000000] pkmap   : 0xbfe00000 - 0xc0000000   (   2 MB)\x0a    modules : 0xbf000000 - 0xbfe00000   (  14 MB)\x0a      .text : 0xc0008000 - 0xc1300000   (19424 kB)\x0a      .init : 0xc2600000 - 0xc2800000   (2048 kB)\x0a      .data : 0xc2800000 - 0xc29d80fc   (1889 kB)\x0a       .bss : 0xc29d80fc - 0xc2f6ba04   (5711 kB)
[    0.000000] Node 0, zone   Normal: page owner found early allocated 520 pages
[    0.000000] Node 0, zone  HighMem: page owner found early allocated 256 pages
[    0.000000] random: random: get_random_u32 called from __kmem_cache_create+0x20/0x414 with crng_init=1
[    0.000000] SLUB: HWalign=64, Order=0-3, MinObjects=0, CPUs=8, Nodes=1
[    0.000000] rcu: Preemptible hierarchical RCU implementation.
[    0.000000] rcu: \x09RCU dyntick-idle grace-period acceleration is enabled.
[    0.000000] rcu: \x09RCU callback double-/use-after-free debug enabled.
[    0.000000] \x09All grace periods are expedited (rcu_expedited).
[    0.000000] \x09Tasks RCU enabled.
[    0.000000] NR_IRQS: 16, nr_irqs: 16, preallocated irqs: 16
[    0.000000] GICv3: Distributor has no Range Selector support
[    0.000000] GICv3: no VLPI support, no direct LPI support
[    0.000000] rcu: \x09Offload RCU callbacks from CPUs: 0-7.
[    0.000000] arch_timer: CPU0: Trapping CNTVCT access
[    0.000000] arch_timer: cp15 and mmio timer(s) running at 19.20MHz (virt/virt).
[    0.000000] clocksource: arch_sys_counter: mask: 0xffffffffffffff max_cycles: 0x46d987e47, max_idle_ns: 440795202767 ns
[    0.000003] sched_clock: 56 bits at 19MHz, resolution 52ns, wraps every 4398046511078ns
[    0.008020] Switching to timer-based delay loop, resolution 52ns
[    0.014045] clocksource: Switched to clocksource arch_sys_counter
[    0.022072] kmemleak: Kernel memory leak detector disabled
[    0.028375] Calibrating delay loop (skipped), value calculated using timer frequency.. 38.40 BogoMIPS (lpj=192000)
[    0.038792] pid_max: default: 32768 minimum: 301
[    0.043577] Security Framework initialized
[    0.047712] SELinux:  Initializing.
[    0.051395] Mount-cache hash table entries: 2048 (order: 1, 8192 bytes)
[    0.058081] Mountpoint-cache hash table entries: 2048 (order: 1, 8192 bytes)
[    0.066123] CPU: Testing write buffer coherency: ok
[    0.071708] CPU0: thread -1, cpu 0, socket 0, mpidr 80000000
[    0.078542] Setting up static identity map for 0x40100000 - 0x40100060
[    0.085328] rcu: Hierarchical SRCU implementation.
[    0.102215] shmbridge is enabled
[    0.105760] EFI services will not be available.
[    0.111150] smp: Bringing up secondary CPUs ...
[    0.118814] arch_timer: CPU1: Trapping CNTVCT access
[    0.118823] CPU1: thread -1, cpu 1, socket 0, mpidr 80000001
[    0.122045] arch_timer: CPU2: Trapping CNTVCT access
[    0.122054] CPU2: thread -1, cpu 2, socket 0, mpidr 80000002
[    0.125348] arch_timer: CPU3: Trapping CNTVCT access
[    0.125357] CPU3: thread -1, cpu 3, socket 0, mpidr 80000003
[    0.129706] arch_timer: CPU4: Trapping CNTVCT access
[    0.129731] CPU4: thread -1, cpu 0, socket 1, mpidr 80000100
[    0.129769] CPU4: Spectre v2: using firmware workaround
[    0.181950] arch_timer: CPU5: Trapping CNTVCT access
[    0.181972] CPU5: thread -1, cpu 1, socket 1, mpidr 80000101
[    0.182006] CPU5: Spectre v2: using firmware workaround
[    0.202273] arch_timer: CPU6: Trapping CNTVCT access
[    0.202297] CPU6: thread -1, cpu 2, socket 1, mpidr 80000102
[    0.202332] CPU6: Spectre v2: using firmware workaround
[    0.222456] arch_timer: CPU7: Trapping CNTVCT access
[    0.222479] CPU7: thread -1, cpu 3, socket 1, mpidr 80000103
[    0.222513] CPU7: Spectre v2: using firmware workaround
[    0.239419] smp: Brought up 1 node, 8 CPUs
[    0.243541] SMP: Total of 8 processors activated (307.20 BogoMIPS).
[    0.249898] CPU: All CPU(s) started in SVC mode.
[    0.258944] devtmpfs: initialized
[    0.438776] VFP support v0.3: implementor 51 architecture 3 part 40 variant 9 rev 0
[    0.449010] clocksource: jiffies: mask: 0xffffffff max_cycles: 0xffffffff, max_idle_ns: 19112604462750000 ns
[    0.459349] futex hash table entries: 2048 (order: 5, 131072 bytes)
[    0.816721] pinctrl core: initialized pinctrl subsystem
[    0.823638] 
[    0.825241] *************************************************************
[    0.832072] **     NOTICE NOTICE NOTICE NOTICE NOTICE NOTICE NOTICE    **
[    0.839001] **                                                         **
[    0.845874] **  IOMMU DebugFS SUPPORT HAS BEEN ENABLED IN THIS KERNEL  **
[    0.852701] **                                                         **
[    0.859610] ** This means that this kernel is built to expose internal **
[    0.866480] ** IOMMU data structures, which may compromise security on **
[    0.873307] ** your system.                                            **
[    0.880217] **                                                         **
[    0.887084] ** If you see this message and you are not debugging the   **
[    0.893910] ** kernel, report this immediately to your vendor!         **
[    0.900815] **                                                         **
[    0.907681] **     NOTICE NOTICE NOTICE NOTICE NOTICE NOTICE NOTICE    **
[    0.914589] *************************************************************
[    0.921689] DMI not present or invalid.
[    0.927064] NET: Registered protocol family 16
[    0.960422] DMA: preallocated 256 KiB pool for atomic coherent allocations
[    0.967410] schedtune: configured to support 6 boost groups
[    0.974864] audit: initializing netlink subsys (disabled)
[    0.981256] audit: type=2000 audit(0.959:1): state=initialized audit_enabled=0 res=1
[    0.989208] cpuidle: using governor menu
[    0.993738] cpuidle: using governor qcom
[    0.998309] NET: Registered protocol family 42
[    1.042138] Unable to find DT property: qcom,msm-imem-download_mode
[    1.050187] Unable to find DT property: qcom,msm-imem-emergency_download_mode
[    1.059030] platform 61800000.qseecom: assigned reserved memory node qseecom_region
[    1.076183] msm_watchdog f017000.qcom,wdt: wdog absent resource not present
[    1.083920] msm_watchdog f017000.qcom,wdt: MSM Watchdog Initialized
[    1.093471] platform ab00000.qcom,lpass: assigned reserved memory node pil_adsp_region@53800000
[    1.103480] platform b300000.qcom,turing: assigned reserved memory node cdsp_regions@51a00000
[    1.112568] platform soc:mem_dump: assigned reserved memory node mem_dump_region
[    1.148510] MSM Memory Dump base table set up
[    1.152952] MSM Memory Dump apps data table set up
[    1.158386] Minidump: Entry name already exist.
[    1.162968] msm_mem_dump soc:mem_dump: Mini dump entry failed id = 101
[    1.169619] Minidump: Entry name already exist.
[    1.174286] msm_mem_dump soc:mem_dump: Mini dump entry failed id = 102
[    1.180887] Minidump: Entry name already exist.
[    1.185502] msm_mem_dump soc:mem_dump: Mini dump entry failed id = 103
[    1.192255] Minidump: Entry name already exist.
[    1.196911] msm_mem_dump soc:mem_dump: Mini dump entry failed id = 133
[    1.203511] Minidump: Entry name already exist.
[    1.208150] msm_mem_dump soc:mem_dump: Mini dump entry failed id = 134
[    1.214837] Minidump: Entry name already exist.
[    1.219409] msm_mem_dump soc:mem_dump: Mini dump entry failed id = 135
[    1.239268] platform soc:qcom,smem: assigned reserved memory node smem_region@46000000
[    1.249912] platform soc:qcom,msm-adsprpc-mem: assigned reserved memory node adsp_region
[    1.260170] qcom_glink_rpm soc:rpm-glink: failed to register early notif -22
[    1.268391] qcom_smd_rpm_probe: RPM-SMD running version 0
[    1.280519] platform 5ab0000.qcom,venus: assigned reserved memory node pil_video_region@51400000
[    1.291229] platform 6080000.qcom,mss: assigned reserved memory node modem_region@4ab00000
[    1.307821] platform soc:qcom,ipa_fws: assigned reserved memory node ipa_fw_region@55600000
[    1.485227] hw-breakpoint: found 5 (+1 reserved) breakpoint and 4 watchpoint registers.
[    1.493271] hw-breakpoint: maximum watchpoint size is 8 bytes.
[    1.525740] pm6125_s3_level: Bringing 1uV into 16-16uV
[    1.532990] pm6125_s3_floor_level: Bringing 1uV into 16-16uV
[    1.541220] pm6125_s3_level_ao: Bringing 1uV into 16-16uV
[    1.549521] pm6125_s5_level: Bringing 1uV into 16-16uV
[    1.556853] pm6125_s5_floor_level: Bringing 1uV into 16-16uV
[    1.565041] pm6125_s5_level_ao: Bringing 1uV into 16-16uV
[    1.582787] pm6125_l2_level: Bringing 1uV into 16-16uV
[    1.590441] pm6125_l3_level: Bringing 1uV into 16-16uV
[    1.653874] spmi spmi-0: PMIC arbiter version v5 (0x50010000)
[    1.656750] sps:sps is ready.
[    1.670792] exit: IPA_USB init success!
[    1.671883] LCDB: qpnp_lcdb_regulator_probe: Failed to parse dt rc=-517
[    1.687105] qcom-clk-smd-rpm soc:qcom,rpmcc: Registered RPM clocks
[    1.694285] LCDB: qpnp_lcdb_regulator_probe: Failed to parse dt rc=-517
[    1.748662] cryptd: max_cpu_qlen set to 1000
[    1.779326] gpu_cx_gdsc: supplied by pm6125_s3_level
[    1.787297] gpu_gx_gdsc: supplied by pm6125_s3_level
[    1.803860] bengal-dispcc 5f00000.qcom,dispcc: Linked as a consumer to regulator.1
[    1.813451] bengal-dispcc 5f00000.qcom,dispcc: Dropping the link to regulator.1
[    1.824705] gcc-bengal 1400000.qcom,gcc: Linked as a consumer to regulator.1
[    1.832067] gcc-bengal 1400000.qcom,gcc: Linked as a consumer to regulator.3
[    1.839646] gcc-bengal 1400000.qcom,gcc: Linked as a consumer to regulator.4
[    1.864937] gcc-bengal 1400000.qcom,gcc: Registered GCC clocks
[    1.873985] bengal-gpucc 5990000.qcom,gpucc: Linked as a consumer to regulator.1
[    1.881761] bengal-gpucc 5990000.qcom,gpucc: Linked as a consumer to regulator.4
[    1.892462] gpu_cc_gx_gfx3d_clk_src: set OPP pair(320000000 Hz: 64 uV) on 5900000.qcom,kgsl-3d0
[    1.904602] gpu_cc_gx_gfx3d_clk_src: set OPP pair(980000000 Hz: 416 uV) on 5900000.qcom,kgsl-3d0
[    1.913577] bengal-gpucc 5990000.qcom,gpucc: Registered GPUCC clocks
[    1.925470] Minidump: Enabled with max number of regions 200
[    1.932189] KPI: Bootloader start count = 192385
[    1.937177] KPI: Bootloader end count = 558469
[    1.941652] KPI: Bootloader display count = 3403863756
[    1.946901] KPI: Bootloader load kernel count = 10651
[    1.951982] KPI: Kernel MPM timestamp = 1055093
[    1.956639] KPI: Kernel MPM Clock frequency = 32768
[    1.961612] socinfo_print: v0.15, id=469, ver=1.0, raw_id=371, raw_ver=0, hw_plat=34, hw_plat_ver=65536\x0a accessory_chip=0, hw_plat_subtype=0, pmic_model=65581, pmic_die_revision=65537 foundry_id=2 serial_number=33532085 num_pmics=2 chip_family=0x6a raw_device_family=0x9 raw_device_number=0x2 nproduct_id=0x41c num_clusters=0x1 ncluster_array_offset=0xb0 num_defective_parts=0xc ndefective_parts_array_offset=0xb4 nmodem_supported=0xff
[    2.017072] arm-smmu 59a0000.kgsl-smmu: Linked as a consumer to regulator.44
[    2.024365] arm-smmu 59a0000.kgsl-smmu: \x09non-coherent table walk
[    2.030410] arm-smmu 59a0000.kgsl-smmu: \x09(IDR0.CTTW overridden by FW configuration)
[    2.038224] arm-smmu 59a0000.kgsl-smmu: \x09stream matching with 4 register groups
[    2.055976] AXI: msm_bus_scale_register_client(): msm_bus_scale_register_client: Bus driver not ready.
[    2.065367] arm-smmu c600000.apps-smmu: Bus client registration failed
[    2.074873] Error: Driver 'arm-smmu' is already registered, aborting...
[    2.082282] vgaarb: loaded
[    2.086205] SCSI subsystem initialized
[    2.090697] usbcore: registered new interface driver usbfs
[    2.096684] usbcore: registered new interface driver hub
[    2.102682] usbcore: registered new device driver usb
[    2.109519] usb_phy_generic soc:usb_nop_phy: soc:usb_nop_phy supply vcc not found, using dummy regulator
[    2.119301] usb_phy_generic soc:usb_nop_phy: Linked as a consumer to regulator.0
[    2.131684] qcom,qpnp-power-on 1c40000.qcom,spmi:qcom,pm6125@0:qcom,power-on@800: PMIC@SID0 Power-on reason: Triggered from CBL (External Power Supply) and 'cold' boot
[    2.146808] qcom,qpnp-power-on 1c40000.qcom,spmi:qcom,pm6125@0:qcom,power-on@800: PMIC@SID0: Unknown power-off reason
[    2.158386] input: qpnp_pon as /devices/platform/soc/1c40000.qcom,spmi/spmi-0/spmi0-00/1c40000.qcom,spmi:qcom,pm6125@0:qcom,power-on@800/input/input0
[    2.173382] qcom,qpnp-power-on 1c40000.qcom,spmi:qcom,pmi632@2:qcom,power-on@800: PMIC@SID2 Power-on reason: Triggered from CBL (External Power Supply) and 'cold' boot
[    2.188494] qcom,qpnp-power-on 1c40000.qcom,spmi:qcom,pmi632@2:qcom,power-on@800: PMIC@SID2: Unknown power-off reason
[    2.199994] media: Linux media interface: v0.10
[    2.204698] videodev: Linux video capture interface: v2.00
[    2.210364] pps_core: LinuxPPS API ver. 1 registered
[    2.215457] pps_core: Software ver. 5.3.6 - Copyright 2005-2007 Rodolfo Giometti <giometti@linux.it>
[    2.224706] PTP clock support registered
[    2.277645] EDAC MC: Ver: 3.0.0
[    2.316251] energy_model: Created perf domain 0-3
[    2.317213] energy_model: pd4: hertz/watts ratio non-monotonically decreasing: em_cap_state 1 >= em_cap_state0
[    2.318664] energy_model: Created perf domain 4-7
[    2.322514] cpufreq: driver qcom-cpufreq-hw up and running
[    2.330304] platform soc:qcom,ion:qcom,ion-heap@10: assigned reserved memory node secure_display_region
[    2.339988] platform soc:qcom,ion:qcom,ion-heap@26: assigned reserved memory node user_contig_region
[    2.349256] platform soc:qcom,ion:qcom,ion-heap@27: assigned reserved memory node qseecom_region
[    2.358196] platform soc:qcom,ion:qcom,ion-heap@19: assigned reserved memory node qseecom_ta_region
[    2.367883] ION heap system created
[    2.371571] ION heap secure_heap created
[    2.375521] ION heap secure_display created at 0xb4000000 with size 5c00000
[    2.422108] platform soc:qcom,ion:qcom,ion-heap@14: ion_secure_carveout: creating heap@0x46200000, size 0x1e00000
[    2.432416] ION heap secure_carveout created
[    2.436755] ION heap user_contig created at 0xbc000000 with size 1000000
[    2.443463] ION heap qsecom created at 0xbac00000 with size 1400000
[    2.449772] ION heap qsecom_ta created at 0xbd000000 with size 1000000
[    2.458424] PMIC@SID0: PM6125 v1.1 options: 0, 0, 0, 0
[    2.463805] PMIC@SID2: PMI632 v2.0 options: 0, 0, 0, 0
[    2.470820] AXI: msm_bus_scale_register_client(): msm_bus_scale_register_client: Bus driver not ready.
[    2.480198] ipa ipa3_pre_init:6861 fail to register with bus mgr!
[    2.487163] ipa ipa3_plat_drv_probe:8417 ipa3_init failed
[    2.495782] SDAM base=0xb600 size=128 registered successfully
[    2.501715] Advanced Linux Sound Architecture Driver Initialized.
[    2.508370] Bluetooth: Core ver 2.22
[    2.512011] NET: Registered protocol family 31
[    2.516529] Bluetooth: HCI device and connection manager initialized
[    2.522909] Bluetooth: HCI socket layer initialized
[    2.527875] Bluetooth: L2CAP socket layer initialized
[    2.532992] Bluetooth: SCO socket layer initialized
[    2.537948] NetLabel: Initializing
[    2.541360] NetLabel:  domain hash size = 128
[    2.545750] NetLabel:  protocols = UNLABELED CIPSOv4 CALIPSO
[    2.551501] NetLabel:  unlabeled traffic allowed by default
[    2.558804] LCDB: qpnp_lcdb_regulator_probe: LCDB module successfully registered! lcdb_en=0 ldo_voltage=5400mV ncp_voltage=5400mV bst_voltage=5550mV
[    2.572399] bengal-dispcc 5f00000.qcom,dispcc: Linked as a consumer to regulator.1
[    2.580906] bengal-dispcc 5f00000.qcom,dispcc: Registered Display CC clocks
[    2.588953] AXI: msm_bus_scale_register_client(): msm_bus_scale_register_client: Bus driver not ready.
[    2.598300] arm-smmu c600000.apps-smmu: Bus client registration failed
[    2.606335] AXI: msm_bus_scale_register_client(): msm_bus_scale_register_client: Bus driver not ready.
[    2.615683] ipa ipa3_pre_init:6861 fail to register with bus mgr!
[    2.622365] ipa ipa3_plat_drv_probe:8417 ipa3_init failed
[    2.628673] clocksource: Switched to clocksource arch_sys_counter
[    2.692306] VFS: Disk quotas dquot_6.6.0
[    2.696340] VFS: Dquot-cache hash table entries: 1024 (order 0, 4096 bytes)
[    2.705335] msm_bus_fabric_init_driver
[    2.720322] msm_bus_dev_init_qos: Skipping QOS init for 26
[    2.720449] msm_bus_device 1880000.ad-hoc-bus: Bus scaling driver probe successful
[    2.735806] mdss_pll_probe: MDSS pll label = MDSS DSI 0 PLL
[    2.741381] mdss_pll_probe: mdss_pll_probe: label=MDSS DSI 0 PLL PLL SSC enabled
[    2.749720] mdss_pll 5e94400.qcom,mdss_dsi0_pll: Linked as a consumer to regulator.43
[    2.757687] mdss_pll 5e94400.qcom,mdss_dsi0_pll: Failed to create 5e94400.qcom,mdss_dsi0_pll debugfs directory
[    2.767712] mdss_pll 5e94400.qcom,mdss_dsi0_pll: Failed to create 5e94400.qcom,mdss_dsi0_pll debugfs directory
[    2.777750] mdss_pll 5e94400.qcom,mdss_dsi0_pll: Failed to create 5e94400.qcom,mdss_dsi0_pll debugfs directory
[    2.788522] dsi_pll_clock_register_14nm: Registered DSI PLL ndx=0 clocks successfully
[    2.796824] NET: Registered protocol family 2
[    2.801629] tcp_listen_portaddr_hash hash table entries: 512 (order: 1, 12288 bytes)
[    2.809411] TCP established hash table entries: 8192 (order: 3, 32768 bytes)
[    2.816662] TCP bind hash table entries: 8192 (order: 5, 163840 bytes)
[    2.823241] TCP: Hash tables configured (established 8192 bind 8192)
[    2.829756] UDP hash table entries: 512 (order: 2, 24576 bytes)
[    2.835754] UDP-Lite hash table entries: 512 (order: 2, 24576 bytes)
[    2.842472] NET: Registered protocol family 1
[    2.847192] PCI: CLS 0 bytes, default 64
[    2.848407] arm-smmu c600000.apps-smmu: \x09non-coherent table walk
[    2.854463] arm-smmu c600000.apps-smmu: \x09(IDR0.CTTW overridden by FW configuration)
[    2.862121] arm-smmu c600000.apps-smmu: \x09stream matching with 50 register groups
[    2.871121] qsmmuv500-tbu c789000.mm_rt_tbu: Linked as a consumer to regulator.41
[    2.879262] qsmmuv500-tbu c78d000.mm_nrt_tbu: Linked as a consumer to regulator.42
[    2.887410] qsmmuv500-tbu c791000.cdsp_tbu: Linked as a consumer to regulator.40
[    2.906003] ipa ipa3_smp2p_probe:8286 fail to get smp2p clk resp bit -517
[    2.913263] ipa soc:ipa_smmu_ap: Linked as a consumer to c600000.apps-smmu
[    2.937730] iommu: Adding device soc:ipa_smmu_ap to group 0
[    2.944183] ipa soc:ipa_smmu_wlan: Linked as a consumer to c600000.apps-smmu
[    2.951707] iommu: Adding device soc:ipa_smmu_wlan to group 1
[    2.957717] ipa soc:ipa_smmu_uc: Linked as a consumer to c600000.apps-smmu
[    2.965064] iommu: Adding device soc:ipa_smmu_uc to group 2
[    2.970806] qupv3_geni_se 4ac0000.qcom,qupv3_0_geni_se: Linked as a consumer to c600000.apps-smmu
[    3.004861] iommu: Adding device 4ac0000.qcom,qupv3_0_geni_se to group 3
[    3.012836] ipa ipa3_smp2p_probe:8286 fail to get smp2p clk resp bit -517
[    3.020419] Trying to unpack rootfs image as initramfs...
[    3.047374] Freeing initrd memory: 876K
[    3.053136] hw perfevents: enabled with armv7_pmuv3 PMU driver, 7 counters available
[    3.063176] cryptomgr_test (119) used greatest stack depth: 6056 bytes left
[    3.078839] Initialise system trusted keyrings
[    3.083666] workingset: timestamp_bits=29 max_order=19 bucket_order=0
[    3.094938] Registering sdcardfs 0.1
[    3.098694] fuse init (API version 7.27)
[    3.112417] Key type asymmetric registered
[    3.116556] Asymmetric key parser 'x509' registered
[    3.121946] bounce: pool size: 64 pages
[    3.125919] io scheduler noop registered
[    3.129967] io scheduler cfq registered (default)
[    3.134699] io scheduler mq-deadline registered
[    3.139228] io scheduler kyber registered
[    3.143313] io scheduler bfq registered
[    3.160941] gpi_dma 4a00000.qcom,gpi-dma: Linked as a consumer to c600000.apps-smmu
[    3.169523] iommu: Adding device 4a00000.qcom,gpi-dma to group 4
[    3.186152] gladiator_error_reporting f100000.qcom,msm-gladiator-v2: MSM Gladiator Error Reporting Initialized
[    3.197088] subsys-pil-tz ab00000.qcom,lpass: Linked as a consumer to regulator.12
[    3.204748] subsys-pil-tz ab00000.qcom,lpass: Linked as a consumer to regulator.11
[    3.214316] subsys-pil-tz b300000.qcom,turing: Linked as a consumer to regulator.1
[    3.223199] subsys-pil-tz 5ab0000.qcom,venus: Linked as a consumer to regulator.38
[    3.231034] minidump-id not found for venus
[    3.235317] subsys-pil-tz 5ab0000.qcom,venus: for venus segments only will be dumped.
[    3.243321] subsys-pil-tz 5ab0000.qcom,venus: for md_venus segments only will be dumped.
[    3.251936] subsys-pil-tz 6080000.qcom,mss: Linked as a consumer to regulator.1
[    3.260754] minidump-id not found for ipa_fws
[    3.265193] subsys-pil-tz soc:qcom,ipa_fws: for ipa_fws segments only will be dumped.
[    3.273203] subsys-pil-tz soc:qcom,ipa_fws: for md_ipa_fws segments only will be dumped.
[    3.281959] minidump-id not found for a610_zap
[    3.286490] subsys-pil-tz soc:qcom,kgsl-hyp: for a610_zap segments only will be dumped.
[    3.294679] subsys-pil-tz soc:qcom,kgsl-hyp: for md_a610_zap segments only will be dumped.
[    3.306616] memshare_child soc:qcom,memshare:qcom,client_1: for memshare_GPS segments only will be dumped.
[    3.316651] memshare_child soc:qcom,memshare:qcom,client_2: for memshare_FTM segments only will be dumped.
[    3.326538] memshare_child soc:qcom,memshare:qcom,client_3: for memshare_DIAG segments only will be dumped.
[    3.344123] icnss c800000.qcom,icnss: Linked as a consumer to c600000.apps-smmu
[    3.353633] iommu: Adding device c800000.qcom,icnss to group 5
[    3.359906] icnss: Recursive recovery allowed for WLAN
[    3.365289] icnss c800000.qcom,icnss: Linked as a consumer to regulator.17
[    3.372241] icnss c800000.qcom,icnss: Linked as a consumer to regulator.25
[    3.379252] icnss c800000.qcom,icnss: Linked as a consumer to regulator.26
[    3.386288] icnss c800000.qcom,icnss: Linked as a consumer to regulator.32
[    3.393719] icnss c800000.qcom,icnss: for wcss_msa0 segments only will be dumped.
[    3.401871] icnss: Platform driver probed successfully
[    3.411205] msm_geni_serial 4a90000.qcom,qup_uart: Serial port0 added.FifoSize 64 is_console1
[    3.420129] 4a90000.qcom,qup_uart: ttyMSM0 at MMIO 0x4a90000 (irq = 159, base_baud = 0) is a MSM
[    3.442609] console [ttyMSM0] enabled
[    3.449985] bootconsole [msm_geni_serial0] disabled
[    3.460727] msm_geni_serial 4a8c000.qcom,qup_uart: Wakeup byte 0xfd
[    3.467322] msm_geni_serial 4a8c000.qcom,qup_uart: Serial port0 added.FifoSize 64 is_console0
[    3.479317] 4a8c000.qcom,qup_uart: ttyHS0 at MMIO 0x4a8c000 (irq = 160, base_baud = 0) is a MSM
[    3.489112] msm_geni_serial_init: Driver initialized
[    3.498779] random: crng init done
[    3.518330] iommu-debug soc:kgsl_iommu_test_device: Linked as a consumer to 59a0000.kgsl-smmu
[    3.527148] iommu: Adding device soc:kgsl_iommu_test_device to group 6
[    3.534121] iommu-debug soc:apps_iommu_test_device: Linked as a consumer to c600000.apps-smmu
[    3.542768] iommu: Adding device soc:apps_iommu_test_device to group 7
[    3.549429] iommu-debug soc:apps_iommu_coherent_test_device: Linked as a consumer to c600000.apps-smmu
[    3.558905] iommu: Adding device soc:apps_iommu_coherent_test_device to group 8
[    3.581315] brd: module loaded
[    3.608730] loop: module loaded
[    3.612350] zram: Added device: zram0
[    3.616861] QSEECOM: qseecom_init_control: qseecom.qsee_version = 0x1402000
[    3.623921] QSEECOM: qseecom_retrieve_ce_data: Device does not support PFE
[    3.636430] qce 1b20000.qcedev: Linked as a consumer to c600000.apps-smmu
[    3.643874] iommu: Adding device 1b20000.qcedev to group 9
[    3.653708] qce 1b20000.qcedev: QTI Crypto 5.5.1 device found @0x1b20000
[    3.661147] sps:BAM 0x01b04000 is registered.
[    3.661534] sps:BAM 0x01b04000 (va:0xc78c0000) enabled: ver:0x27, number of pipes:16
[    3.674460] QCE50: qce_sps_init:  QTI MSM CE-BAM at 0x0000000001b04000 irq 29
[    3.705067] qce 1b20000.qcedev:qcom_cedev_ns_cb: Linked as a consumer to c600000.apps-smmu
[    3.713948] iommu: Adding device 1b20000.qcedev:qcom_cedev_ns_cb to group 10
[    3.721591] qce 1b20000.qcedev:qcom_cedev_s_cb: Linked as a consumer to c600000.apps-smmu
[    3.730928] iommu: Adding device 1b20000.qcedev:qcom_cedev_s_cb to group 11
[    3.739811] Error: Driver 'qcrypto' is already registered, aborting...
[    3.748621] SCSI Media Changer driver v0.25 
[    3.754879] Ethernet Channel Bonding Driver: v3.7.1 (April 27, 2011)
[    3.763426] libphy: Fixed MDIO Bus: probed
[    3.767579] tun: Universal TUN/TAP device driver, 1.6
[    3.773024] PPP generic driver version 2.4.2
[    3.777500] PPP BSD Compression module registered
[    3.782219] PPP Deflate Compression module registered
[    3.787341] PPP MPPE Compression module registered
[    3.792157] NET: Registered protocol family 24
[    3.796697] PPTP driver version 0.8.5
[    3.803228] CLD80211: Initializing
[    3.806951] usbcore: registered new interface driver r8152
[    3.838295] msm_sharedmem: msm_sharedmem_probe: Device created for client 'rmtfs'
[    3.848531] msm-qusb-phy 1613000.qusb: 1613000.qusb supply USB3_GDSC not found, using dummy regulator
[    3.858208] msm-qusb-phy 1613000.qusb: Linked as a consumer to regulator.0
[    3.865339] msm-qusb-phy 1613000.qusb: Linked as a consumer to regulator.13
[    3.872385] msm-qusb-phy 1613000.qusb: Linked as a consumer to regulator.24
[    3.879473] msm-qusb-phy 1613000.qusb: Linked as a consumer to regulator.21
[    3.888679] msm-usb-ssphy-qmp 1615000.ssphy: Linked as a consumer to regulator.13
[    3.896311] msm-usb-ssphy-qmp 1615000.ssphy: Linked as a consumer to regulator.21
[    3.905726] msm-dwc3 4e00000.ssusb: Linked as a consumer to c600000.apps-smmu
[    3.913641] iommu: Adding device 4e00000.ssusb to group 12
[    3.919450] msm-dwc3 4e00000.ssusb: Linked as a consumer to regulator.36
[    3.928101] dwc3 4e00000.dwc3: Failed to get clk 'ref': -2
[    3.933952] dwc3 4e00000.dwc3: changing max_speed on rev 00000000
[    3.946186] Invalid index Defaulting curr to 0
[    3.954344] msm-dwc3 4e00000.ssusb: Dropping the link to regulator.36
[    3.967937] usbcore: registered new interface driver usb-storage
[    3.974202] usbcore: registered new interface driver usb_ehset_test
[    3.980503] usbcore: registered new interface driver lvs
[    3.987044] usbcore: registered new interface driver xpad
[    3.998630] rtc-pm8xxx 1c40000.qcom,spmi:qcom,pm6125@0:qcom,pm6125_rtc: rtc core: registered pm8xxx_rtc as rtc0
[    4.008845] rtc-pm8xxx 1c40000.qcom,spmi:qcom,pm6125@0:qcom,pm6125_rtc: setting system clock to 1970-01-01 00:00:34 UTC (34)
[    4.020396] i2c /dev entries driver
[    4.024704] i2c_geni 4a84000.i2c: Bus frequency is set to 400000Hz
[    4.034338] genirq: irq_chip msmgpio did not update eff. affinity mask of irq 230
[    4.046672] PMIC@SID230: PM8008 v1.0 options: 0, 0, 0, 0
[    4.059359] I2C PMIC: i2c_pmic_probe: I2C PMIC probe successful
[    4.069788] qcom,pm8008-regulator 4a84000.i2c:qcom,pm8008@9:qcom,pm8008-regulator: Linked as a consumer to regulator.7
[    4.080677] qcom,pm8008-regulator 4a84000.i2c:qcom,pm8008@9:qcom,pm8008-regulator: Linked as a consumer to regulator.50
[    4.094510] pm8008_l2: Bringing 1200000uV into 1056000-1056000uV
[    4.109318] pm8008_l5: Bringing 1800000uV into 2800000-2800000uV
[    4.121333] pm8008_l7: Bringing 2800000uV into 1800000-1800000uV
[    4.129806] I2C PMIC: i2c_pmic_probe: I2C PMIC probe successful
[    4.136697] i2c_geni 4a84000.i2c: i2c error :-107
[    4.141650] i2c_geni 4a84000.i2c: i2c error :-107
[    4.146622] i2c_geni 4a84000.i2c: i2c error :-107
[    4.151576] i2c_geni 4a84000.i2c: i2c error :-107
[    4.156339] I2C PMIC: i2c_pmic_read: i2c_pmic_read failed for 3 retries, rc = -107
[    4.163925] I2C PMIC: i2c_pmic_determine_initial_status: Couldn't read irq data rc=-107
[    4.171958] I2C PMIC: i2c_pmic_probe: Couldn't determine initial status rc=-107
[    4.179491] i2c_pmic: probe of 0-000c failed with error -107
[    4.186139] i2c_geni 4a88000.i2c: Bus frequency is set to 400000Hz
[    4.186541] nq-nci 0-0028: ese GPIO <OPTIONAL> error getting from OF node
[    4.199321] nq-nci 0-0028: error reading NFC VDDIO min and max value
[    4.200514] lt9611_get_dt_supply: no supply entry present
[    4.205796] nq-nci 0-0028: error reading NFC current value
[    4.216822] nq-nci 0-0028: nqx_probe: ese gpio not provided
[    4.222711] nq-nci 0-0028: nfc_ldo_config: regulator entry not present
[    4.259922] i2c_geni 4a84000.i2c: i2c error :-107
[    4.264675] nq-nci 0-0028: nfcc_hw_check: - i2c_master_send core reset Error
[    4.302401] i2c_geni 4a84000.i2c: i2c error :-107
[    4.307145] nq-nci 0-0028: nfcc_hw_check: - i2c_master_send get version cmd Error
[    4.314689] nq-nci 0-0028: nfcc_hw_check: - NFCC HW not available
[    4.321289] nq-nci 0-0028: nqx_probe: probing nqxx failed, check hardware
[    4.496549] lt9611_read_device_id: LT9611 id: 0x1704
[    4.555119] lt9611_get_version: LT9611 revison: 0x41
[    4.614135] lt9611_probe: LT9611 works, no need to upgrade FW
[    4.625854] Couldn't parse device tree rc=-517
[    4.645611] reg-cooling-device soc:qcom,rpm-smd:rpm-regulator-smpa3:cx-cdev-lvl: Linked as a consumer to regulator.2
[    4.656673] reg-cooling-device soc:qcom,rpm-smd:rpm-regulator-smpa5:mx-cdev-lvl: Linked as a consumer to regulator.4
[    4.671720] device-mapper: uevent: version 1.0.3
[    4.677176] device-mapper: ioctl: 4.39.0-ioctl (2018-04-03) initialised: dm-devel@redhat.com
[    4.686193] bt_power_populate_dt_pinfo: bt-reset-gpio not provided in devicetree
[    4.693613] bt_power_populate_dt_pinfo: wl-reset-gpio not provided in devicetree
[    4.701104] bt_dt_parse_vreg_info: qca,bt-vdd-ldo: is not provided in device tree
[    4.708624] bt_dt_parse_vreg_info: qca,bt-chip-pwd: is not provided in device tree
[    4.716265] bt_dt_parse_vreg_info: qca,bt-vdd-aon: is not provided in device tree
[    4.723767] bt_dt_parse_vreg_info: qca,bt-vdd-dig: is not provided in device tree
[    4.731281] bt_dt_parse_vreg_info: qca,bt-vdd-rfa1: is not provided in device tree
[    4.738906] bt_dt_parse_vreg_info: qca,bt-vdd-rfa2: is not provided in device tree
[    4.746505] bt_dt_parse_vreg_info: qca,bt-vdd-asd: is not provided in device tree
[    4.754007] bt_dt_parse_clk_info: clocks is not provided in device tree
[    4.763094] sdhci: Secure Digital Host Controller Interface driver
[    4.769313] sdhci: Copyright(c) Pierre Ossman
[    4.773688] sdhci-pltfm: SDHCI platform and OF driver helper
[    4.783157] qpnp_vibrator_ldo_probe: Vibrator LDO successfully registered: uV = 3000000, overdrive = disabled
[    4.787242] sdhci_msm 4744000.sdhci: Linked as a consumer to regulator.33
[    4.800054] sdhci_msm 4744000.sdhci: Linked as a consumer to regulator.20
[    4.800457] hidraw: raw HID events driver (C) Jiri Kosina
[    4.807636] sdhci_msm 4744000.sdhci: sdhci_msm_probe: testbus_trigger_irq = 237
[    4.813007] usbcore: registered new interface driver usbhid
[    4.820634] mmc0: CQHCI version 5.10
[    4.825284] usbhid: USB HID core driver
[    4.825616] ashmem: initialized
[    4.829566] mmc0: SDHCI controller on 4744000.sdhci [4744000.sdhci] using 32-bit ADMA in CMDQ mode
[    4.832735] ipa_ut ipa_ut_module_init:1036 Loading IPA test module...
[    4.852807] bimc-bwmon 1b8e300.qcom,cpu-cpu-ddr-bwmon: BW HWmon governor registered.
[    4.862403] arm-memlat-mon soc:qcom,cpu0-cpugrp:qcom,cpu0-cpu-ddr-latmon: Memory Latency governor registered.
[    4.868086] sdhci_msm 4744000.sdhci: mmc0: CQE init: success
[    4.872722] arm-memlat-mon soc:qcom,cpu0-cpugrp:qcom,cpu0-computemon: Compute governor registered.
[    4.887509] arm-memlat-mon soc:qcom,cpu4-cpugrp:qcom,cpu4-cpu-ddr-latmon: Memory Latency governor registered.
[    4.897924] arm-memlat-mon soc:qcom,cpu4-cpugrp:qcom,cpu4-computemon: Compute governor registered.
[    4.917538] coresight-tmc 8048000.tmc: Linked as a consumer to c600000.apps-smmu
[    4.920171] mmc0: Out-of-interrupt timeout is 246[ms]
[    4.925326] iommu: Adding device 8048000.tmc to group 13
[    4.930040] mmc0: eMMC FW version: 0x70
[    4.939997] coresight-etm4x 9040000.etm: CPU0: ETM v0.4 initialized
[    4.946305] coresight-etm4x 9040000.etm: CPU0: (null) initialized
[    4.952452] mmc0: Command Queue Engine enabled
[    4.952889] coresight-etm4x 9140000.etm: CPU1: ETM v0.4 initialized
[    4.956969] mmc0: new HS400 Enhanced strobe MMC card at address 0001
[    4.963243] coresight-etm4x 9140000.etm: CPU1: (null) initialized
[    4.971045] sdhci_msm_pm_qos_cpu_init (): voted for group #0 (mask=0xf) latency=-1
[    4.976293] coresight-etm4x 9240000.etm: CPU2: ETM v0.4 initialized
[    4.983367] sdhci_msm_pm_qos_cpu_init (): voted for group #1 (mask=0xf0) latency=-1
[    4.989662] coresight-etm4x 9240000.etm: CPU2: (null) initialized
[    4.997367] mmcblk0: mmc0:0001 TB2916 14.6 GiB 
[    5.008233] coresight-etm4x 9340000.etm: CPU3: ETM v0.4 initialized
[    5.008272] mmcblk0rpmb: mmc0:0001 TB2916 partition 3 4.00 MiB, chardev (505:0)
[    5.014560] coresight-etm4x 9340000.etm: CPU3: (null) initialized
[    5.027677] mmcblk0: p1 p2 p3 p4 p5 p6 p7 p8 p9 p10 p11 p12 p13 p14 p15 p16 p17 p18 p19 p20 p21 p22 p23 p24 p25 p26 p27 p28 p29 p30 p31 p32 p33 p34 p35 p36 p37 p38 p39 p40 p41 p42 p43 p44 p45 p46 p47 p48 p49 p50 p51 p52 p53 p54 p55 p56
[    5.028498] coresight-etm4x 9440000.etm: CPU4: ETM v0.4 initialized
[    5.055332] coresight-etm4x 9440000.etm: CPU4: (null) initialized
[    5.059922] sdhci_msm 4784000.sdhci: core_reset unavailable,err = -2
[    5.061909] coresight-etm4x 9540000.etm: CPU5: ETM v0.4 initialized
[    5.067840] sdhci_msm 4784000.sdhci: Reset data parsing error
[    5.074122] coresight-etm4x 9540000.etm: CPU5: (null) initialized
[    5.074589] coresight-etm4x 9640000.etm: CPU6: ETM v0.4 initialized
[    5.083444] sdhci_msm 4784000.sdhci: Linked as a consumer to regulator.31
[    5.086006] coresight-etm4x 9640000.etm: CPU6: (null) initialized
[    5.105323] sdhci_msm 4784000.sdhci: Linked as a consumer to regulator.14
[    5.112168] coresight-etm4x 9740000.etm: CPU7: ETM v0.4 initialized
[    5.118484] coresight-etm4x 9740000.etm: CPU7: (null) initialized
[    5.123940] mmc1: SDHCI controller on 4784000.sdhci [4784000.sdhci] using 32-bit ADMA in legacy mode
[    5.125411] coresight-stm 8002000.stm: stm_register_device failed, probing deffered
[    5.141863] OF: graph: no port node found in /soc/cti@8B30000
[    5.147778] OF: graph: no port node found in /soc/cti@98E0000
[    5.153685] OF: graph: no port node found in /soc/cti@98F0000
[    5.159840] OF: graph: no port node found in /soc/cti@8867000
[    5.165878] OF: graph: no port node found in /soc/cti@8833000
[    5.171766] OF: graph: no port node found in /soc/cti@8A02000
[    5.177708] OF: graph: no port node found in /soc/cti@8B59000
[    5.183612] OF: graph: no port node found in /soc/cti@8B5A000
[    5.189514] OF: graph: no port node found in /soc/cti@8B5B000
[    5.195458] OF: graph: no port node found in /soc/cti@8B5C000
[    5.201363] OF: graph: no port node found in /soc/cti@8010000
[    5.207272] OF: graph: no port node found in /soc/cti@8011000
[    5.213168] OF: graph: no port node found in /soc/cti@801a000
[    5.219108] OF: graph: no port node found in /soc/cti@801b000
[    5.225011] OF: graph: no port node found in /soc/cti@801c000
[    5.230929] OF: graph: no port node found in /soc/cti@801d000
[    5.236885] OF: graph: no port node found in /soc/cti@801e000
[    5.242772] OF: graph: no port node found in /soc/cti@801f000
[    5.248688] OF: graph: no port node found in /soc/cti@8012000
[    5.254624] OF: graph: no port node found in /soc/cti@8013000
[    5.260524] OF: graph: no port node found in /soc/cti@8014000
[    5.266450] OF: graph: no port node found in /soc/cti@8015000
[    5.272350] OF: graph: no port node found in /soc/cti@8016000
[    5.278292] OF: graph: no port node found in /soc/cti@8017000
[    5.284209] OF: graph: no port node found in /soc/cti@8018000
[    5.290122] OF: graph: no port node found in /soc/cti@8019000
[    5.304460] OF: graph: no port node found in /soc/csr@8001000
[    5.310297] coresight-csr 8001000.csr: CSR initialized: coresight-csr
[    5.316831] OF: graph: no port node found in /soc/csr@8a03000
[    5.322682] coresight-csr 8a03000.csr: CSR initialized: coresight-swao-csr
[    5.330161] OF: graph: no port node found in /soc/hwevent
[    5.335689] coresight-hwevent soc:hwevent: Hardware Event driver initialized
[    5.343561] coresight-dummy soc:modem_rfxe: Dummy device initialized
[    5.350295] coresight-dummy soc:snoc: Dummy device initialized
[    5.356497] coresight-dummy soc:tpdm@8a26000: Dummy device initialized
[    5.363369] coresight-dummy soc:tpdm@899c000: Dummy device initialized
[    5.370794] coresight-remote-etm soc:audio_etm0: Remote ETM initialized
[    5.377842] coresight-remote-etm soc:turing_etm0: Remote ETM initialized
[    5.384951] coresight-remote-etm soc:modem_etm0: Remote ETM initialized
[    5.391904] OF: graph: no port node found in /soc/tgu@9900000
[    5.399772] usbcore: registered new interface driver snd-usb-audio
[    5.406242] uaudio-qmi soc:usb_audio_qmi_dev: Linked as a consumer to c600000.apps-smmu
[    5.414364] iommu: Adding device soc:usb_audio_qmi_dev to group 14
[    5.423299] msm_vidc:   err : ffffffff: .....: no device Registered
[    5.431436] msm_vidc_v4l2 5a00000.qcom,vidc:non_secure_cb: Linked as a consumer to c600000.apps-smmu
[    5.440956] iommu: Adding device 5a00000.qcom,vidc:non_secure_cb to group 15
[    5.448395] msm_vidc_v4l2 5a00000.qcom,vidc:secure_bitstream_cb: Linked as a consumer to c600000.apps-smmu
[    5.458671] iommu: Adding device 5a00000.qcom,vidc:secure_bitstream_cb to group 16
[    5.466634] msm_vidc_v4l2 5a00000.qcom,vidc:secure_pixel_cb: Linked as a consumer to c600000.apps-smmu
[    5.476440] iommu: Adding device 5a00000.qcom,vidc:secure_pixel_cb to group 17
[    5.484081] msm_vidc_v4l2 5a00000.qcom,vidc:secure_non_pixel_cb: Linked as a consumer to c600000.apps-smmu
[    5.494240] iommu: Adding device 5a00000.qcom,vidc:secure_non_pixel_cb to group 18
[    5.503034] dsi_phy 5e94400.qcom,mdss_dsi_phy0: 5e94400.qcom,mdss_dsi_phy0 supply gdsc not found, using dummy regulator
[    5.513897] dsi_phy 5e94400.qcom,mdss_dsi_phy0: Linked as a consumer to regulator.0
[    5.521651] dsi_phy 5e94400.qcom,mdss_dsi_phy0: Linked as a consumer to regulator.4
[    5.529350] [drm:dsi_phy_driver_probe] [msm-dsi-info]: DSI_0: Probe successful
[    5.537552] drm_dsi_ctrl 5e94000.qcom,mdss_dsi0_ctrl: 5e94000.qcom,mdss_dsi0_ctrl supply refgen not found, using dummy regulator
[    5.549187] drm_dsi_ctrl 5e94000.qcom,mdss_dsi0_ctrl: Linked as a consumer to regulator.0
[    5.557475] drm_dsi_ctrl 5e94000.qcom,mdss_dsi0_ctrl: Linked as a consumer to regulator.27
[    5.565788] AXI: get_pdata(): Error: Client name not found
[    5.571294] AXI: msm_bus_cl_get_pdata(): client has to provide missing entry for successful registration
[    5.580833] [drm:dsi_ctrl_dev_probe] [msm-dsi-info]: dsi-ctrl-0: Probe successful
[    5.589594] msm-dsi-display soc:qcom,dsi-display-primary: Falling back to syfs fallback for: dsi_prop
[    5.603284] msm_cam_smmu soc:qcom,cam_smmu:msm_cam_smmu_tfe: Linked as a consumer to c600000.apps-smmu
[    5.612965] iommu: Adding device soc:qcom,cam_smmu:msm_cam_smmu_tfe to group 19
[    5.620721] msm_cam_smmu soc:qcom,cam_smmu:msm_cam_smmu_ope: Linked as a consumer to c600000.apps-smmu
[    5.630356] iommu: Adding device soc:qcom,cam_smmu:msm_cam_smmu_ope to group 20
[    5.638126] msm_cam_smmu soc:qcom,cam_smmu:msm_cam_smmu_cpas_cdm: Linked as a consumer to c600000.apps-smmu
[    5.648172] iommu: Adding device soc:qcom,cam_smmu:msm_cam_smmu_cpas_cdm to group 21
[    5.657377] cam-cpas 5c11000.qcom,cam-cpas: Linked as a consumer to regulator.34
[    5.664953] CAM_INFO: CAM-CPAS: cam_cpas_get_hw_features: 436 feature 0x2 addr 0x1b401d0, bit 5 enable type:0 hw_id=2
[    5.675626] CAM_INFO: CAM-CPAS: cam_cpas_get_hw_features: 487 num entries:0 feature 0x2 enable=1 hw id=2
[    5.685133] CAM_INFO: CAM-CPAS: cam_cpas_get_hw_features: 436 feature 0x3 addr 0x1b401d0, bit 6 enable type:0 hw_id=2
[    5.695797] CAM_INFO: CAM-CPAS: cam_cpas_get_hw_features: 487 num entries:1 feature 0x3 enable=1 hw id=2
[    5.710344] msm_cam_cdm 5c23000.qcom,cpas-cdm0: Linked as a consumer to regulator.34
[    5.722304] msm_cam_cdm 5c42000.qcom,ope-cdm0: Linked as a consumer to regulator.34
[    5.733892] tpg_v1 5c66000.qcom,tpg0: Linked as a consumer to regulator.34
[    5.742800] tpg_v1 5c68000.qcom,tpg0: Linked as a consumer to regulator.34
[    5.752410] csid_530 5c6e000.qcom,tfe_csid0: Linked as a consumer to regulator.34
[    5.760233] csid_530 5c75000.qcom,tfe_csid1: Linked as a consumer to regulator.34
[    5.767999] csid_530 5c7c000.qcom,tfe_csid2: Linked as a consumer to regulator.34
[    5.776305] CAM_INFO: CAM-UTIL: cam_soc_util_get_option_clk_by_name: 559 No clk data for tfe_dsp_clk
[    5.785464] CAM_WARN: CAM-ISP: cam_tfe_init_soc_resources: 50 Option clk get failed with rc -22
[    5.794270] cam_tfe 5c6e000.qcom,tfe0: Linked as a consumer to regulator.34
[    5.803098] CAM_INFO: CAM-UTIL: cam_soc_util_get_option_clk_by_name: 559 No clk data for tfe_dsp_clk
[    5.812259] CAM_WARN: CAM-ISP: cam_tfe_init_soc_resources: 50 Option clk get failed with rc -22
[    5.821079] cam_tfe 5c75000.qcom,tfe1: Linked as a consumer to regulator.34
[    5.829863] CAM_INFO: CAM-UTIL: cam_soc_util_get_option_clk_by_name: 559 No clk data for tfe_dsp_clk
[    5.839047] CAM_WARN: CAM-ISP: cam_tfe_init_soc_resources: 50 Option clk get failed with rc -22
[    5.847829] cam_tfe 5c7c000.qcom,tfe2: Linked as a consumer to regulator.34
[    5.857695] CAM_ERR: CAM-ISP: cam_isp_context_debug_register: 4992 failed to create dentry
[    5.866036] CAM_ERR: CAM-ISP: cam_isp_context_debug_register: 4992 failed to create dentry
[    5.874371] CAM_ERR: CAM-ISP: cam_isp_context_debug_register: 4992 failed to create dentry
[    5.882655] CAM_INFO: CAM-ISP: cam_isp_dev_probe: 207 Camera ISP probe complete
[    5.890768] CAM_INFO: CAM: cam_res_mgr_probe: 684 Disable shared gpio support.
[    5.899050] cam-cci-driver 5c1b000.qcom,cci0: Linked as a consumer to regulator.34
[    5.911038] CAM_INFO: CAM-CCI: cam_cci_platform_probe: 519 Device Type :0
[    5.918710] cam-csiphy-driver 5c52000.qcom,csiphy0: Linked as a consumer to regulator.34
[    5.927053] cam-csiphy-driver 5c53000.qcom,csiphy1: Linked as a consumer to regulator.34
[    5.935448] cam-csiphy-driver 5c54000.qcom,csiphy2: Linked as a consumer to regulator.34
[    5.944487] CAM_INFO: CAM-ACTUATOR: cam_actuator_parse_dt: 60 No GPIO found
[    5.951516] CAM_INFO: CAM-ACTUATOR: cam_actuator_parse_dt: 60 No GPIO found
[    5.963747] CAM_ERR: CAM-FLASH: cam_get_source_node_info: 29 flash-type read failed rc=-22
[    5.972147] CAM_ERR: CAM-FLASH: cam_get_source_node_info: 29 flash-type read failed rc=-22
[    5.980532] CAM_ERR: CAM-FLASH: cam_get_source_node_info: 29 flash-type read failed rc=-22
[    5.989529] ope 5c42000.qcom,ope: Linked as a consumer to regulator.34
[    5.998178] CAM_INFO: CAM-SMMU: cam_smmu_create_add_handle_in_table: 860 ope already got handle 0x1d950
[    6.008278] GACT probability NOT on
[    6.011797] Mirror/redirect action on
[    6.015552] netem: version 1.3
[    6.018619] u32 classifier
[    6.021339] Actions configured
[    6.025492] xt_time: kernel timezone is -0000
[    6.029914] gre: GRE over IPv4 demultiplexor driver
[    6.034828] IPv4 over IPsec tunneling driver
[    6.039932] Initializing XFRM netlink socket
[    6.044259] IPsec XFRM device driver
[    6.048160] NET: Registered protocol family 10
[    6.053529] Segment Routing with IPv6
[    6.057281] mip6: Mobile IPv6
[    6.060856] sit: IPv6, IPv4 and MPLS over IPv4 tunneling driver
[    6.067353] NET: Registered protocol family 17
[    6.071832] NET: Registered protocol family 15
[    6.076417] l2tp_core: L2TP core driver, V2.0
[    6.080792] l2tp_ppp: PPPoL2TP kernel driver, V2.0
[    6.085614] l2tp_ip: L2TP IP encapsulation support (L2TPv3)
[    6.091211] l2tp_netlink: L2TP netlink interface
[    6.095884] l2tp_eth: L2TP ethernet pseudowire support (L2TPv3)
[    6.101845] l2tp_debugfs: L2TP debugfs support
[    6.106323] l2tp_ip6: L2TP IP encapsulation support for IPv6 (L2TPv3)
[    6.112808] sctp: Hash tables configured (bind 128/204)
[    6.118265] Key type dns_resolver registered
[    6.124321] kgsl-3d 5900000.qcom,kgsl-3d0: Linked as a consumer to regulator.44
[    6.131711] kgsl-3d 5900000.qcom,kgsl-3d0: Linked as a consumer to regulator.45
[    6.140566] platform 59a0000.qcom,kgsl-iommu:gfx3d_user: Linked as a consumer to 59a0000.kgsl-smmu
[    6.149650] iommu: Adding device 59a0000.qcom,kgsl-iommu:gfx3d_user to group 22
[    6.157428] platform 59a0000.qcom,kgsl-iommu:gfx3d_secure: Linked as a consumer to 59a0000.kgsl-smmu
[    6.166670] iommu: Adding device 59a0000.qcom,kgsl-iommu:gfx3d_secure to group 23
[    6.211187] msm-dwc3 4e00000.ssusb: Linked as a consumer to regulator.36
[    6.219008] dwc3 4e00000.dwc3: Failed to get clk 'ref': -2
[    6.224673] dwc3 4e00000.dwc3: changing max_speed on rev 00000000
[    6.233885] usb_bam_init: setting SPS_BAM_SMMU_EN flag with (4f04000.qcom,usbbam)
[    6.241744] sps:BAM 0x04f04000 is registered.
[    6.243177] Invalid index Defaulting curr to 0
[    6.253567] ipa_rm ipa_rm_delete_resource:139 IPA RM was not initialized
[    6.264804] usb_bam_ipa_delete_resources: Failed to delete USB_PROD resource
[    6.271869] ipa_rm ipa_rm_delete_resource:139 IPA RM was not initialized
[    6.278599] usb_bam_ipa_delete_resources: Failed to delete USB_CONS resource
[    6.289989] msm-dwc3 4e00000.ssusb: Dropping the link to regulator.36
[    6.354377] qcom,qpnp-smb5 1c40000.qcom,spmi:qcom,pmi632@2:qcom,qpnp-smb5: Linked as a consumer to regulator.49
[    6.366610] pmi632_charger: smblib_eval_chg_termination: Couldn't read SOC value, rc=-22
[    6.378929] bcl_soc:bcl_read_soc battery percentage read error:-61
[    6.390183] SMB5 status - usb:present=1 type=0 batt:present = 1 health = 1 charge = 3
[    6.398184] QPNP SMB5 probed successfully
[    6.439703] bcl_soc:bcl_read_soc battery percentage read error:-61
[    6.487124] of_batterydata_get_best_profile: Alium_860_89032_0000_3600mAh_Jun15th2018 found
[    6.496101] QG-K: qg_batterydata_init: QG Battery-profile loaded
[    6.542865] QG-K: qg_determine_pon_soc: using S7_PON_SOC @ PON ocv_uv=4210582uV soc=91
[    6.552360] QG-K: qpnp_qg_probe: QG initialized! battery_profile=Alium_860_89032_0000_3600mAh_Jun15th2018 SOC=91 QG_subtype=3 QG_version=QG_PMIC5 QG_mode=QG_V_I
[    6.567650] of_batterydata_get_best_profile: Alium_860_89032_0000_3600mAh_Jun15th2018 found
[    6.591564] tmc_etr_bam_init: setting SPS_BAM_SMMU_EN flag with (8048000.tmc)
[    6.598959] sps:BAM 0x08064000 is registered.
[    6.599846] coresight-stm 8002000.stm: STM32 initialized
[    6.609909] msm-dwc3 4e00000.ssusb: Linked as a consumer to regulator.36
[    6.617638] dwc3 4e00000.dwc3: Failed to get clk 'ref': -2
[    6.623281] dwc3 4e00000.dwc3: changing max_speed on rev 00000000
[    6.632475] usb_bam_init: setting SPS_BAM_SMMU_EN flag with (4f04000.qcom,usbbam)
[    6.640336] sps:BAM 0x04f04000 is registered.
[    6.641798] msm-dwc3 4e00000.ssusb: Linked as a consumer to regulator.49
[    6.653276] i2c_geni 4a84000.i2c: i2c error :-107
[    6.658224] i2c_geni 4a84000.i2c: i2c error :-107
[    6.663125] i2c_geni 4a84000.i2c: i2c error :-107
[    6.668043] i2c_geni 4a84000.i2c: i2c error :-107
[    6.672943] i2c_geni 4a84000.i2c: i2c error :-107
[    6.677894] i2c_geni 4a84000.i2c: i2c error :-107
[    6.682794] i2c_geni 4a84000.i2c: i2c error :-107
[    6.687709] i2c_geni 4a84000.i2c: i2c error :-107
[    6.692608] i2c_geni 4a84000.i2c: i2c error :-107
[    6.697543] i2c_geni 4a84000.i2c: i2c error :-107
[    6.702731] Registering SWP/SWPB emulation handler
[    6.707579] core_ctl: Creating CPU group 0
[    6.711688] core_ctl: Init CPU0 state
[    6.715399] core_ctl: Init CPU1 state
[    6.719075] core_ctl: Init CPU2 state
[    6.722750] core_ctl: Init CPU3 state
[    6.726594] core_ctl: Creating CPU group 4
[    6.730702] core_ctl: Init CPU4 state
[    6.734414] core_ctl: Init CPU5 state
[    6.738089] core_ctl: Init CPU6 state
[    6.741767] core_ctl: Init CPU7 state
[    6.746116] registered taskstats version 1
[    6.750225] Loading compiled-in X.509 certificates
[    6.757213] Loaded X.509 cert 'Build time autogenerated kernel key: cc6d6d8397cd2237b4a9ebca9dffff70daf65e3e'
[    6.767692] Key type ._fscrypt registered
[    6.771717] Key type .fscrypt registered
[    6.775680] Key type fscrypt-provisioning registered
[    6.802388] fastrpc soc:qcom,msm-adsprpc-mem: for adsp_rh segments only will be dumped.
[    6.810633] adsprpc: init_secure_vmid_list: secure VMID = 22
[    6.816326] adsprpc: init_secure_vmid_list: secure VMID = 37
[    6.822035] adsprpc: fastrpc_probe: service location enabled for avs/audio (audio_pdr_adsprpc)
[    6.830707] adsprpc: fastrpc_probe: service location enabled for tms/servreg (sensors_pdr_adsprpc)
[    6.840205] fastrpc soc:qcom,msm_fastrpc:qcom,msm_fastrpc_compute_cb1: Linked as a consumer to c600000.apps-smmu
[    6.850734] iommu: Adding device soc:qcom,msm_fastrpc:qcom,msm_fastrpc_compute_cb1 to group 24
[    6.859863] fastrpc soc:qcom,msm_fastrpc:qcom,msm_fastrpc_compute_cb2: Linked as a consumer to c600000.apps-smmu
[    6.870323] iommu: Adding device soc:qcom,msm_fastrpc:qcom,msm_fastrpc_compute_cb2 to group 25
[    6.879047] Error: swapper/0: fastrpc_cb_probe: failed to create debugfs global file
[    6.887181] fastrpc soc:qcom,msm_fastrpc:qcom,msm_fastrpc_compute_cb3: Linked as a consumer to c600000.apps-smmu
[    6.897751] iommu: Adding device soc:qcom,msm_fastrpc:qcom,msm_fastrpc_compute_cb3 to group 26
[    6.906474] Error: swapper/0: fastrpc_cb_probe: failed to create debugfs global file
[    6.914640] fastrpc soc:qcom,msm_fastrpc:qcom,msm_fastrpc_compute_cb4: Linked as a consumer to c600000.apps-smmu
[    6.925119] iommu: Adding device soc:qcom,msm_fastrpc:qcom,msm_fastrpc_compute_cb4 to group 27
[    6.933785] Error: swapper/0: fastrpc_cb_probe: failed to create debugfs global file
[    6.941954] fastrpc soc:qcom,msm_fastrpc:qcom,msm_fastrpc_compute_cb5: Linked as a consumer to c600000.apps-smmu
[    6.952416] iommu: Adding device soc:qcom,msm_fastrpc:qcom,msm_fastrpc_compute_cb5 to group 28
[    6.961142] Error: swapper/0: fastrpc_cb_probe: failed to create debugfs global file
[    6.969266] fastrpc soc:qcom,msm_fastrpc:qcom,msm_fastrpc_compute_cb6: Linked as a consumer to c600000.apps-smmu
[    6.979819] iommu: Adding device soc:qcom,msm_fastrpc:qcom,msm_fastrpc_compute_cb6 to group 29
[    6.988506] Error: swapper/0: fastrpc_cb_probe: failed to create debugfs global file
[    6.996662] fastrpc soc:qcom,msm_fastrpc:qcom,msm_fastrpc_compute_cb9: Linked as a consumer to c600000.apps-smmu
[    7.007268] iommu: Adding device soc:qcom,msm_fastrpc:qcom,msm_fastrpc_compute_cb9 to group 30
[    7.015981] Error: swapper/0: fastrpc_cb_probe: failed to create debugfs global file
[    7.024102] fastrpc soc:qcom,msm_fastrpc:qcom,msm_fastrpc_compute_cb10: Linked as a consumer to c600000.apps-smmu
[    7.034714] iommu: Adding device soc:qcom,msm_fastrpc:qcom,msm_fastrpc_compute_cb10 to group 31
[    7.043476] Error: swapper/0: fastrpc_cb_probe: failed to create debugfs global file
[    7.051599] fastrpc soc:qcom,msm_fastrpc:qcom,msm_fastrpc_compute_cb11: Linked as a consumer to c600000.apps-smmu
[    7.062243] iommu: Adding device soc:qcom,msm_fastrpc:qcom,msm_fastrpc_compute_cb11 to group 32
[    7.071027] Error: swapper/0: fastrpc_cb_probe: failed to create debugfs global file
[    7.079182] fastrpc soc:qcom,msm_fastrpc:qcom,msm_fastrpc_compute_cb12: Linked as a consumer to c600000.apps-smmu
[    7.089741] iommu: Adding device soc:qcom,msm_fastrpc:qcom,msm_fastrpc_compute_cb12 to group 33
[    7.098564] Error: swapper/0: fastrpc_cb_probe: failed to create debugfs global file
[    7.106697] fastrpc soc:qcom,msm_fastrpc:qcom,msm_fastrpc_compute_cb13: Linked as a consumer to c600000.apps-smmu
[    7.117307] iommu: Adding device soc:qcom,msm_fastrpc:qcom,msm_fastrpc_compute_cb13 to group 34
[    7.126076] Error: swapper/0: fastrpc_cb_probe: failed to create debugfs global file
[    7.134223] fastrpc soc:qcom,msm_fastrpc:qcom,msm_fastrpc_compute_cb14: Linked as a consumer to c600000.apps-smmu
[    7.144776] iommu: Adding device soc:qcom,msm_fastrpc:qcom,msm_fastrpc_compute_cb14 to group 35
[    7.153547] Error: swapper/0: fastrpc_cb_probe: failed to create debugfs global file
[    7.162398] adsprpc: fastrpc_device_init: SSR notifier registered for adsp
[    7.169300] adsprpc: fastrpc_device_init: SSR notifier registered for modem
[    7.176356] adsprpc: fastrpc_device_init: SSR notifier registered for slpi
[    7.183241] adsprpc: fastrpc_device_init: SSR notifier registered for cdsp
[    7.192959] input: gpio-keys as /devices/platform/soc/soc:gpio_keys/input/input1
[    7.201445] [NVT-ts] nvt_driver_init 1962: start
[    7.206136] [NVT-ts] nvt_driver_init 1970: finished
[    7.211161] cpuidle: enable-method property 'psci' found operations
[    7.217493] cpuidle: enable-method property 'psci' found operations
[    7.223780] cpuidle: enable-method property 'psci' found operations
[    7.230078] cpuidle: enable-method property 'psci' found operations
[    7.236401] cpuidle: enable-method property 'psci' found operations
[    7.242687] cpuidle: enable-method property 'psci' found operations
[    7.248984] cpuidle: enable-method property 'psci' found operations
[    7.255321] cpuidle: enable-method property 'psci' found operations
[    7.266753] rmnet_ipa3 started initialization
[    7.271823] RNDIS_IPA module is loaded.
[    7.276230] msm notifier probed successfully
[    7.281116] sde_rotator 5e00000.qcom,mdss_rotator: ignoring dependency for device, assuming no driver
[    7.292835] CAM_ERR: CAM-CCI: cam_cci_assign_fops: 599 Invalid dev node:00000000 offset: 0
[    7.301243] cfg80211: Loading compiled-in X.509 certificates for regulatory database
[    7.309991] cfg80211: Loaded X.509 cert 'sforshee: 00b28ddf47aef9cea7'
[    7.321135] regulator_proxy_consumer_remove_all: removing regulator proxy consumer requests
[    7.329768] ALSA device list:
[    7.332752] No soundcards found.
[    7.339850] Freeing unused kernel memory: 2048K
[    7.347391] Run /init as init process
[    7.354818] init: init first stage started!
[    7.359134] init: Unable to open /lib/modules, skipping module loading.
[    7.366586] init: [libfs_mgr]dt_fstab: Skip disabled entry for partition vendor
[    7.373936] init: [libfs_mgr]ReadFstabFromDt(): failed to read fstab from dt
[    7.381189] init: [libfs_mgr]dt_fstab: Skip disabled entry for partition vendor
[    7.390845] init: Using Android DT directory /proc/device-tree/firmware/android/
[    7.429964] msm-usb-ssphy-qmp 1615000.ssphy: USB QMP PHY: Update TYPEC CTRL(3)
[    7.438522] msm-dwc3 4e00000.ssusb: DWC3 exited from low power mode
[    7.625556] init: [libfs_mgr]superblock s_max_mnt_count:65535,/dev/block/by-name/metadata
[    7.633865] init: [libfs_mgr]Filesystem on /dev/block/by-name/metadata was not cleanly shutdown; state flags: 0x1, incompat feature flags: 0x46
[    7.647169] init: [libfs_mgr]check_fs(): mount(/dev/block/by-name/metadata,/metadata,ext4)=-1: No such file or directory
[    7.658217] init: [libfs_mgr]Not running /system/bin/e2fsck on /dev/block/mmcblk0p39 (executable not in system image)
[    7.676688] EXT4-fs (mmcblk0p39): recovery complete
[    7.682020] EXT4-fs (mmcblk0p39): mounted filesystem with ordered data mode. Opts: discard
[    7.710262] EXT4-fs (dm-0): mounted filesystem without journal. Opts: barrier=1,discard
[    7.726189] EXT4-fs (dm-2): mounted filesystem without journal. Opts: barrier=1,discard
[    7.738698] EXT4-fs (dm-1): mounted filesystem without journal. Opts: barrier=1,discard
[    7.750987] EXT4-fs (dm-3): mounted filesystem without journal. Opts: barrier=1,discard
[    8.032228] fsck.f2fs: executing /system/bin/fsck.f2fs failed: No such file or directory
[    8.032533] init (416) used greatest stack depth: 4864 bytes left
[    8.040397] fsck.f2fs: fsck.f2fs terminated by exit(255)\x0a
[    8.146571] F2FS-fs (dm-4): recover fsync data on readonly fs
[    8.152684] F2FS-fs (dm-4): Mounted with checkpoint version = 5ce17a3b
[    8.175814] fsck.f2fs: executing /system/bin/fsck.f2fs failed: No such file or directory
[    8.183986] fsck.f2fs: fsck.f2fs terminated by exit(255)\x0a
[    8.259797] F2FS-fs (dm-4): Mounted with checkpoint version = 5ce17a3b
[    8.288520] init: 37 output lines suppressed due to ratelimiting
[    8.334144] of_batterydata_get_best_profile: Alium_860_89032_0000_3600mAh_Jun15th2018 found
[    8.415209] init: [libfs_mgr]dt_fstab: Skip disabled entry for partition vendor
[    8.426980] init: Loading SELinux policy
[    8.487953] SELinux:  policy capability network_peer_controls=1
[    8.493896] SELinux:  policy capability open_perms=1
[    8.498895] SELinux:  policy capability extended_socket_class=1
[    8.504861] SELinux:  policy capability always_check_network=0
[    8.510705] SELinux:  policy capability cgroup_seclabel=0
[    8.516171] SELinux:  policy capability nnp_nosuid_transition=1
[    8.917107] audit: type=1403 audit(39.399:2): auid=4294967295 ses=4294967295 lsm=selinux res=1
[    8.917912] selinux: SELinux: Loaded policy from /vendor/etc/selinux/precompiled_sepolicy
[    8.933984] selinux: 
[    8.936847] audit: type=1404 audit(39.419:3): enforcing=1 old_enforcing=0 auid=4294967295 ses=4294967295 enabled=1 old-enabled=1 lsm=selinux res=1
[    8.964567] selinux: SELinux: Loaded file_contexts
[    8.969375] selinux: 
[    8.999598] init: init second stage started!
[    9.048256] init: Using Android DT directory /proc/device-tree/firmware/android/
[    9.061778] init: Overriding previous 'ro.' property 'pm.dexopt.shared':'speed' with new value 'quicken'
[    9.071354] init: Overriding previous 'ro.' property 'dalvik.vm.heapsize':'36m' with new value '256m'
[    9.084382] init: Do not have permissions to set 'persist.backup.ntpServer' to '0.pool.ntp.org' in property file '/vendor/build.prop': SELinux permission check failed
[    9.099698] init: Do not have permissions to set 'ro.qc.sdk.audio.ssr' to 'false' in property file '/vendor/build.prop': SELinux permission check failed
[    9.113440] init: Do not have permissions to set 'ro.qc.sdk.audio.fluencetype' to 'none' in property file '/vendor/build.prop': SELinux permission check failed
[    9.127869] init: Do not have permissions to set 'persist.audio.fluence.voicecall' to 'true' in property file '/vendor/build.prop': SELinux permission check failed
[    9.142562] init: Do not have permissions to set 'persist.audio.fluence.voicerec' to 'false' in property file '/vendor/build.prop': SELinux permission check failed
[    9.157263] init: Do not have permissions to set 'persist.audio.fluence.speaker' to 'true' in property file '/vendor/build.prop': SELinux permission check failed
[    9.241342] audit: type=1107 audit(39.719:4): pid=1 uid=0 auid=4294967295 ses=4294967295 subj=u:r:init:s0 msg='avc:  denied  { read } for property=persist.debug.trace pid=0 uid=0 gid=0 scontext=u:r:vendor_init:s0 tcontext=u:object_r:persist_debug_prop:s0 tclass=file permissive=0'
[    9.444033] ueventd: ueventd started!
[    9.452410] selinux: SELinux: Loaded file_contexts
[    9.457261] selinux: 
[    9.459728] ueventd: Parsing file /system/etc/ueventd.rc...
[    9.466197] ueventd: Parsing file /vendor/ueventd.rc...
[    9.473440] ueventd: /vendor/ueventd.rc: 176: /sys/ lines must have 5 entries
[    9.477183] apexd: This device does not support updatable APEX. Exiting
[    9.481553] ueventd: /vendor/ueventd.rc: 437: Invalid section keyword found
[    9.494636] ueventd: Parsing file /odm/ueventd.rc...
[    9.499645] ueventd: Unable to read config file '/odm/ueventd.rc': open() failed: No such file or directory
[    9.509440] ueventd: Parsing file /ueventd.qcom.rc...
[    9.559863] audit: type=1400 audit(40.039:5): avc:  denied  { mounton } for  pid=1 comm="init" path="/sys/kernel/tracing" dev="tracefs" ino=1 scontext=u:r:init:s0 tcontext=u:object_r:debugfs_tracing_debug:s0 tclass=dir permissive=0
[    9.653248] q6_pdr_dlkm: loading out-of-tree module taints kernel.
[    9.670792] apr_dlkm: no symbol version for snd_event_notify
[    9.730492] 
[    9.732011] **********************************************************
[    9.738582] **   NOTICE NOTICE NOTICE NOTICE NOTICE NOTICE NOTICE   **
[    9.745143] **                                                      **
[    9.751691] ** trace_printk() being used. Allocating extra memory.  **
[    9.758253] **                                                      **
[    9.764814] ** This means that this is a DEBUG kernel and it is     **
[    9.771362] ** unsafe for production use.                           **
[    9.777929] **                                                      **
[    9.784491] ** If you see this message and you are not debugging    **
[    9.791038] ** the kernel, report this immediately to your vendor!  **
[    9.797598] **                                                      **
[    9.804158] **   NOTICE NOTICE NOTICE NOTICE NOTICE NOTICE NOTICE   **
[    9.810706] **********************************************************
[    9.835414] audit: type=1400 audit(40.319:6): avc:  denied  { write } for  pid=75 comm="kdevtmpfs" name="/" dev="devtmpfs" ino=1025 scontext=u:r:kernel:s0 tcontext=u:object_r:device:s0 tclass=dir permissive=0
[    9.854269] audit: type=1400 audit(40.339:7): avc:  denied  { write } for  pid=75 comm="kdevtmpfs" name="/" dev="devtmpfs" ino=1025 scontext=u:r:kernel:s0 tcontext=u:object_r:device:s0 tclass=dir permissive=0
[   10.034238] audit: type=1400 audit(40.519:8): avc:  denied  { write } for  pid=75 comm="kdevtmpfs" name="/" dev="devtmpfs" ino=1025 scontext=u:r:kernel:s0 tcontext=u:object_r:device:s0 tclass=dir permissive=0
[   10.052834] audit: type=1400 audit(40.519:9): avc:  denied  { write } for  pid=75 comm="kdevtmpfs" name="/" dev="devtmpfs" ino=1025 scontext=u:r:kernel:s0 tcontext=u:object_r:device:s0 tclass=dir permissive=0
[   10.071479] audit: type=1400 audit(40.519:10): avc:  denied  { write } for  pid=75 comm="kdevtmpfs" name="/" dev="devtmpfs" ino=1025 scontext=u:r:kernel:s0 tcontext=u:object_r:device:s0 tclass=dir permissive=0
[   10.090125] audit: type=1400 audit(40.519:11): avc:  denied  { write } for  pid=75 comm="kdevtmpfs" name="/" dev="devtmpfs" ino=1025 scontext=u:r:kernel:s0 tcontext=u:object_r:device:s0 tclass=dir permissive=0
[   10.100343] wsa881x-i2c-codec 0-000e: No cache used with register defaults set!
[   10.148239] wsa881x-i2c-codec 0-0044: No cache used with register defaults set!
[   10.156171] i2c_geni 4a84000.i2c: i2c error :-107
[   10.160899] wsa881x_update_regmap_2_0: Failed to update regmap defaults ret= 65429
[   10.252866] modprobe (431) used greatest stack depth: 4296 bytes left
[   10.726235] Trying to create more than 6 SchedTune boosting groups
[   10.869663] logd.auditd: start
[   11.007863] init: wait for '/dev/block/platform/soc/4744000.sdhci' took 0ms
[   11.237381] init: wait for '/dev/qseecom' took 0ms
[   11.310711] e2fsck: e2fsck 1.45.4 (23-Sep-2019)
[   11.316763] e2fsck: /dev/block/bootdevice/by-name/persist: recovering journal
[   11.338789] e2fsck: Pass 1: Checking inodes, blocks, and sizes
[   11.345460] e2fsck: Pass 2: Checking directory structure
[   11.360027] e2fsck: Pass 3: Checking directory connectivity
[   11.365691] e2fsck: Pass 4: Checking reference counts
[   11.370766] e2fsck: Pass 5: Checking group summary information
[   11.376733] e2fsck: /dev/block/bootdevice/by-name/persist: 208/8192 files (0.5% non-contiguous), 1650/8192 blocks
[   11.378507] type=1400 audit(41.859:32): avc: denied { kill } for comm="e2fsck" capability=5 scontext=u:r:fsck:s0 tcontext=u:r:fsck:s0 tclass=capability permissive=0
[   11.405982] EXT4-fs (mmcblk0p38): mounted filesystem with ordered data mode. Opts: barrier=1
[   11.428194] EXT4-fs (mmcblk0p14): mounted filesystem with ordered data mode. Opts: barrier=1
[   11.473667] fsck.f2fs: Info: Fix the reported corruption.
[   11.475021] type=1400 audit(41.959:33): avc: denied { kill } for comm="fsck.f2fs" capability=5 scontext=u:r:fsck:s0 tcontext=u:r:fsck:s0 tclass=capability permissive=0
[   11.479200] fsck.f2fs: Info: Mounted device!
[   11.533869] vdc: Waited 0ms for vold
[   11.655078] wait_for_keymaster: Waiting for Keymaster device
[   11.665783] wait_for_keymaster: List of Keymaster HALs found:
[   11.671994] wait_for_keymaster: Keymaster HAL #1: Keymaster HAL: 4 from QTI SecurityLevel: TRUSTED_ENVIRONMENT HAL: android.hardware.keymaster@4.1::IKeymasterDevice/default
[   11.689159] wait_for_keymaster: Computing HMAC with params { (seed: 3bb62fdee15e6a84171d2e5a4645dd8b092464a65cbe7f25130fbef5ddbee9b, nonce: c692f4698999795bfb65594f66a8c3577c11feff85e9aad877d1e351f8482) }
[   11.689230] wait_for_keymaster: Computing HMAC for Keymaster HAL: 4 from QTI SecurityLevel: TRUSTED_ENVIRONMENT HAL: android.hardware.keymaster@4.1::IKeymasterDevice/default
[   11.697978] wait_for_keymaster: Using Keymaster HAL: 4 from QTI for encryption.  Security level: TRUSTED_ENVIRONMENT, HAL: android.hardware.keymaster@4.1::IKeymasterDevice/default
[   11.714129] wait_for_keymaster: Keymaster device ready
[   11.742678] vdc: Waited 0ms for vold
[   11.745582] type=1400 audit(42.229:34): avc: denied { kill } for comm="vdc" capability=5 scontext=u:r:vdc:s0 tcontext=u:r:vdc:s0 tclass=capability permissive=0
[   11.779617] vdc: Waited 0ms for vold
[   11.813983] type=1400 audit(42.289:35): avc: denied { write } for comm="kdevtmpfs" name="/" dev="devtmpfs" ino=1025 scontext=u:r:kernel:s0 tcontext=u:object_r:device:s0 tclass=dir permissive=0
[   11.846771] fsck.f2fs: Info: Fix the reported corruption.
[   11.852274] fsck.f2fs: \x09Info: No support kernel version!
[   11.857647] fsck.f2fs: Info: Segments per section = 1
[   11.862725] fsck.f2fs: Info: Sections per zone = 1
[   11.867590] fsck.f2fs: Info: sector size = 4096
[   11.872145] fsck.f2fs: Info: total sectors = 2529445 (9880 MB)
[   11.878032] fsck.f2fs: Info: MKFS version
[   11.882064] fsck.f2fs:   "4.4.0-210-generic #242-Ubuntu SMP Fri Apr 16 09:57:56 UTC 2021"
[   11.890281] fsck.f2fs: Info: FSCK version
[   11.894328] fsck.f2fs:   from "4.19.157+ #7 SMP PREEMPT Fri Dec 31 16:49:30 CST 2021"
[   11.966998] type=1400 audit(42.449:36): avc: denied { kill } for comm="fsck.f2fs" capability=5 scontext=u:r:fsck:s0 tcontext=u:r:fsck:s0 tclass=capability permissive=0
[   11.980089] F2FS-fs (dm-5): Reduce reserved blocks for root = 2243
[   12.054411] F2FS-fs (dm-5): recover_inode: ino = 173f, name = <encrypted>, inline = 1
[   12.063219] F2FS-fs (dm-5): recover_dentry: ino = 173f, name = <encrypted>, dir = 71, err = 0
[   12.071862] F2FS-fs (dm-5): recover_data: ino = 173f (i_size: recover) recovered = 2, err = 0
[   12.080448] F2FS-fs (dm-5): recover_inode: ino = 1743, name = <encrypted>, inline = 1
[   12.089220] F2FS-fs (dm-5): recover_dentry: ino = 1743, name = <encrypted>, dir = 177, err = 0
[   12.097976] F2FS-fs (dm-5): recover_data: ino = 1743 (i_size: recover) recovered = 1, err = 0
[   12.106550] F2FS-fs (dm-5): recover_inode: ino = 1744, name = <encrypted>, inline = 1
[   12.114848] F2FS-fs (dm-5): recover_dentry: ino = 1744, name = <encrypted>, dir = 71, err = 0
[   12.123432] F2FS-fs (dm-5): recover_data: ino = 1744 (i_size: recover) recovered = 1, err = 0
[   12.132051] F2FS-fs (dm-5): recover_inode: ino = 1745, name = <encrypted>, inline = 1
[   12.140827] F2FS-fs (dm-5): recover_dentry: ino = 1745, name = <encrypted>, dir = 6c, err = 0
[   12.149496] F2FS-fs (dm-5): recover_data: ino = 1745 (i_size: recover) recovered = 12, err = 0
[   12.158150] F2FS-fs (dm-5): recover_inode: ino = 1745, name = <encrypted>, inline = 1
[   12.166068] F2FS-fs (dm-5): recover_data: ino = 1745 (i_size: recover) recovered = 4, err = 0
[   12.174655] F2FS-fs (dm-5): recover_inode: ino = 1745, name = <encrypted>, inline = 1
[   12.182554] F2FS-fs (dm-5): recover_data: ino = 1745 (i_size: recover) recovered = 1, err = 0
[   12.191114] F2FS-fs (dm-5): recover_inode: ino = 1745, name = <encrypted>, inline = 1
[   12.199026] F2FS-fs (dm-5): recover_data: ino = 1745 (i_size: recover) recovered = 1, err = 0
[   12.207593] F2FS-fs (dm-5): recover_inode: ino = 1745, name = <encrypted>, inline = 1
[   12.215547] F2FS-fs (dm-5): recover_data: ino = 1745 (i_size: recover) recovered = 1, err = 0
[   12.224135] F2FS-fs (dm-5): recover_inode: ino = 1745, name = <encrypted>, inline = 1
[   12.232035] F2FS-fs (dm-5): recover_data: ino = 1745 (i_size: recover) recovered = 2, err = 0
[   12.240605] F2FS-fs (dm-5): recover_inode: ino = 1745, name = <encrypted>, inline = 1
[   12.248525] F2FS-fs (dm-5): recover_data: ino = 1745 (i_size: recover) recovered = 1, err = 0
[   12.257085] F2FS-fs (dm-5): recover_inode: ino = 1745, name = <encrypted>, inline = 1
[   12.265007] F2FS-fs (dm-5): recover_data: ino = 1745 (i_size: recover) recovered = 1, err = 0
[   12.273553] F2FS-fs (dm-5): recover_inode: ino = 1745, name = <encrypted>, inline = 1
[   12.281487] F2FS-fs (dm-5): recover_data: ino = 1745 (i_size: recover) recovered = 3, err = 0
[   12.290055] F2FS-fs (dm-5): recover_inode: ino = 1745, name = <encrypted>, inline = 1
[   12.297965] F2FS-fs (dm-5): recover_data: ino = 1745 (i_size: recover) recovered = 2, err = 0
[   12.306523] F2FS-fs (dm-5): recover_inode: ino = 1745, name = <encrypted>, inline = 1
[   12.314444] F2FS-fs (dm-5): recover_data: ino = 1745 (i_size: recover) recovered = 1, err = 0
[   12.322991] F2FS-fs (dm-5): recover_inode: ino = 1745, name = <encrypted>, inline = 1
[   12.330915] F2FS-fs (dm-5): recover_data: ino = 1745 (i_size: recover) recovered = 4, err = 0
[   12.339510] F2FS-fs (dm-5): recover_inode: ino = 1745, name = <encrypted>, inline = 1
[   12.347432] F2FS-fs (dm-5): recover_data: ino = 1745 (i_size: recover) recovered = 4, err = 0
[   12.355992] F2FS-fs (dm-5): recover_inode: ino = 1745, name = <encrypted>, inline = 1
[   12.363888] F2FS-fs (dm-5): recover_data: ino = 1745 (i_size: recover) recovered = 2, err = 0
[   12.372466] F2FS-fs (dm-5): recover_inode: ino = 1745, name = <encrypted>, inline = 1
[   12.380385] F2FS-fs (dm-5): recover_data: ino = 1745 (i_size: recover) recovered = 1, err = 0
[   12.388944] F2FS-fs (dm-5): recover_inode: ino = 1745, name = <encrypted>, inline = 1
[   12.396855] F2FS-fs (dm-5): recover_data: ino = 1745 (i_size: recover) recovered = 1, err = 0
[   12.405431] F2FS-fs (dm-5): recover_inode: ino = 1745, name = <encrypted>, inline = 1
[   12.413331] F2FS-fs (dm-5): recover_data: ino = 1745 (i_size: recover) recovered = 1, err = 0
[   12.421899] F2FS-fs (dm-5): recover_inode: ino = 1745, name = <encrypted>, inline = 1
[   12.429819] F2FS-fs (dm-5): recover_data: ino = 1745 (i_size: recover) recovered = 1, err = 0
[   12.438381] F2FS-fs (dm-5): recover_inode: ino = 1745, name = <encrypted>, inline = 1
[   12.446299] F2FS-fs (dm-5): recover_data: ino = 1745 (i_size: recover) recovered = 1, err = 0
[   12.454889] F2FS-fs (dm-5): recover_inode: ino = 1745, name = <encrypted>, inline = 1
[   12.462794] F2FS-fs (dm-5): recover_data: ino = 1745 (i_size: recover) recovered = 2, err = 0
[   12.471377] F2FS-fs (dm-5): recover_inode: ino = 1745, name = <encrypted>, inline = 1
[   12.479308] F2FS-fs (dm-5): recover_data: ino = 1745 (i_size: recover) recovered = 1, err = 0
[   12.498160] F2FS-fs (dm-5): checkpoint: version = 5c835222
[   12.503811] F2FS-fs (dm-5): Mounted with checkpoint version = 5c835222
[   12.513569] type=1400 audit(42.989:37): avc: denied { kill } for comm="vdc" capability=5 scontext=u:r:vdc:s0 tcontext=u:r:vdc:s0 tclass=capability permissive=0
[   12.563747] type=1400 audit(43.039:38): avc: denied { kill } for comm="fsck.f2fs" capability=5 scontext=u:r:fsck:s0 tcontext=u:r:fsck:s0 tclass=capability permissive=0
[   12.589687] vdc: Waited 0ms for vold
[   12.615018] vdc: Waited 0ms for vold
[   12.676130] fscrypt: AES-256-CTS-CBC using implementation "cts(cbc(aes-generic))"
[   12.712550] apexd: This device does not support updatable APEX. Exiting
[   12.719317] apexd: Marking APEXd as activated
[   12.843612] vdc: Waited 0ms for vold
[   12.951138] apexd: This device does not support updatable APEX. Exiting
[   12.957885] apexd: Marking APEXd as ready
[   13.095753] logd.daemon: reinit
[   13.106169] ipa ipa3_ioctl:1723 IPA not ready, waiting for init completion
[   13.140450] subsys-pil-tz ab00000.qcom,lpass: Falling back to syfs fallback for: adsp.mdt
[   13.149343] subsys-pil-tz b300000.qcom,turing: Falling back to syfs fallback for: cdsp.mdt
[   13.167070] subsys-pil-tz ab00000.qcom,lpass: adsp: loading from 0x53800000 to 0x55400000
[   13.171312] subsys-pil-tz b300000.qcom,turing: cdsp: loading from 0x51a00000 to 0x52200000
[   13.176235] *** NOT YET: opcode 3f ***
[   13.194248] subsys-pil-tz ab00000.qcom,lpass: Falling back to syfs fallback for: adsp.b02
[   13.194489] subsys-pil-tz ab00000.qcom,lpass: Falling back to syfs fallback for: adsp.b03
[   13.197134] subsys-pil-tz ab00000.qcom,lpass: Falling back to syfs fallback for: adsp.b04
[   13.197227] subsys-pil-tz ab00000.qcom,lpass: Falling back to syfs fallback for: adsp.b05
[   13.197558] subsys-pil-tz ab00000.qcom,lpass: Falling back to syfs fallback for: adsp.b06
[   13.197774] subsys-pil-tz ab00000.qcom,lpass: Falling back to syfs fallback for: adsp.b07
[   13.198026] subsys-pil-tz ab00000.qcom,lpass: Falling back to syfs fallback for: adsp.b08
[   13.198254] subsys-pil-tz ab00000.qcom,lpass: Falling back to syfs fallback for: adsp.b09
[   13.198458] subsys-pil-tz ab00000.qcom,lpass: Falling back to syfs fallback for: adsp.b10
[   13.198670] subsys-pil-tz ab00000.qcom,lpass: Falling back to syfs fallback for: adsp.b12
[   13.198888] subsys-pil-tz ab00000.qcom,lpass: Falling back to syfs fallback for: adsp.b13
[   13.199085] subsys-pil-tz ab00000.qcom,lpass: Falling back to syfs fallback for: adsp.b14
[   13.199347] subsys-pil-tz ab00000.qcom,lpass: Falling back to syfs fallback for: adsp.b15
[   13.199552] subsys-pil-tz ab00000.qcom,lpass: Falling back to syfs fallback for: adsp.b16
[   13.199740] subsys-pil-tz ab00000.qcom,lpass: Falling back to syfs fallback for: adsp.b17
[   13.199936] subsys-pil-tz ab00000.qcom,lpass: Falling back to syfs fallback for: adsp.b18
[   13.200143] subsys-pil-tz ab00000.qcom,lpass: Falling back to syfs fallback for: adsp.b19
[   13.200428] subsys-pil-tz ab00000.qcom,lpass: Falling back to syfs fallback for: adsp.b20
[   13.200619] subsys-pil-tz ab00000.qcom,lpass: Falling back to syfs fallback for: adsp.b21
[   13.200815] subsys-pil-tz ab00000.qcom,lpass: Falling back to syfs fallback for: adsp.b22
[   13.201039] subsys-pil-tz ab00000.qcom,lpass: Falling back to syfs fallback for: adsp.b23
[   13.201276] subsys-pil-tz ab00000.qcom,lpass: Falling back to syfs fallback for: adsp.b24
[   13.201491] subsys-pil-tz ab00000.qcom,lpass: Falling back to syfs fallback for: adsp.b25
[   13.201701] subsys-pil-tz ab00000.qcom,lpass: Falling back to syfs fallback for: adsp.b26
[   13.201913] subsys-pil-tz ab00000.qcom,lpass: Falling back to syfs fallback for: adsp.b27
[   13.202110] subsys-pil-tz ab00000.qcom,lpass: Falling back to syfs fallback for: adsp.b28
[   13.202338] subsys-pil-tz ab00000.qcom,lpass: Falling back to syfs fallback for: adsp.b29
[   13.203136] subsys-pil-tz ab00000.qcom,lpass: Falling back to syfs fallback for: adsp.b30
[   13.211691] subsys-pil-tz ab00000.qcom,lpass: Falling back to syfs fallback for: adsp.b31
[   13.220226] subsys-pil-tz ab00000.qcom,lpass: Falling back to syfs fallback for: adsp.b32
[   13.221870] subsys-pil-tz ab00000.qcom,lpass: Falling back to syfs fallback for: adsp.b33
[   13.223001] subsys-pil-tz ab00000.qcom,lpass: Falling back to syfs fallback for: adsp.b34
[   13.223322] subsys-pil-tz ab00000.qcom,lpass: Falling back to syfs fallback for: adsp.b35
[   13.228597] subsys-pil-tz b300000.qcom,turing: Falling back to syfs fallback for: cdsp.b02
[   13.233605] [drm:dsi_display_firmware_display] [msm-dsi-info]: no firmware available, fallback to device node
[   13.233675] [drm] [msm-dsi-warn]: [ext video mode dsi bridge] fallback to default te-pin-select
[   13.234410] msm_drm 5e00000.qcom,mdss_mdp: Linked as a consumer to regulator.43
[   13.235728] [drm:sde_dbg_init:4760] evtlog_status: enable:11, panic:1, dump:2
[   13.237301] subsys-pil-tz b300000.qcom,turing: Falling back to syfs fallback for: cdsp.b03
[   13.238968] subsys-pil-tz b300000.qcom,turing: Falling back to syfs fallback for: cdsp.b04
[   13.242828] subsys-pil-tz b300000.qcom,turing: Falling back to syfs fallback for: cdsp.b05
[   13.247610] subsys-pil-tz b300000.qcom,turing: Falling back to syfs fallback for: cdsp.b06
[   13.250507] subsys-pil-tz b300000.qcom,turing: Falling back to syfs fallback for: cdsp.b08
[   13.264699] [drm:dsi_display_bind] [msm-dsi-info]: Successfully bind display panel 'qcom,mdss_dsi_ext_bridge_1080p'
[   13.503691] subsys-pil-tz ab00000.qcom,lpass: adsp: Brought out of reset
[   13.508521] msm_drm 5e00000.qcom,mdss_mdp: bound soc:qcom,dsi-display-primary (ops dsi_display_comp_ops)
[   13.527938] subsys-pil-tz b300000.qcom,turing: cdsp: Brought out of reset
[   13.533254] [drm] mapped mdp address space @cff00000
[   13.542587] subsys-pil-tz b300000.qcom,turing: Subsystem error monitoring/handling services are up
[   13.583672] [drm:_sde_kms_hw_init_blocks:3621] sde hardware revision:0x60030000
[   13.588736] subsys-pil-tz b300000.qcom,turing: cdsp: Power/Clock ready interrupt received
[   13.589836] adsprpc: fastrpc_restart_notifier_cb: cdsp subsystem is up
[   13.594464] type=1400 audit(43.819:39): avc: denied { write } for comm="kdevtmpfs" name="/" dev="devtmpfs" ino=1025 scontext=u:r:kernel:s0 tcontext=u:object_r:device:s0 tclass=dir permissive=0
[   13.601540] msmdrm_smmu 5e00000.qcom,mdss_mdp:qcom,smmu_sde_unsec_cb: Linked as a consumer to c600000.apps-smmu
[   13.641425] subsys-pil-tz ab00000.qcom,lpass: Subsystem error monitoring/handling services are up
[   13.647543] iommu: Adding device 5e00000.qcom,mdss_mdp:qcom,smmu_sde_unsec_cb to group 36
[   13.656180] subsys-pil-tz ab00000.qcom,lpass: adsp: Power/Clock ready interrupt received
[   13.659571] adsprpc: fastrpc_restart_notifier_cb: adsp subsystem is up
[   13.664464] [drm] probing device qcom,smmu_sde_unsec
[   13.664473] [drm] Created domain mdp_ns, secure=0
[   13.674229] qcom_smd_qrtr_probe:Entered
[   13.681777] msmdrm_smmu 5e00000.qcom,mdss_mdp:qcom,smmu_sde_sec_cb: Linked as a consumer to c600000.apps-smmu
[   13.703484] qcom_smd_qrtr_probe:SMD QRTR driver probed
[   13.703588] iommu: Adding device 5e00000.qcom,mdss_mdp:qcom,smmu_sde_sec_cb to group 37
[   13.708751] adsprpc: fastrpc_rpmsg_probe: opened rpmsg channel for cdsp
[   13.716806] [drm] probing device qcom,smmu_sde_sec
[   13.725660] adsprpc: fastrpc_rpmsg_probe: opened rpmsg channel for adsp
[   13.728211] [drm] Created domain mdp_s, secure=1
[   13.736171] qcom_smd_qrtr_probe:Entered
[   13.745870] qcom_smd_qrtr_probe:SMD QRTR driver probed
[   13.747638] [drm:dsi_panel_get_mode] [msm-dsi-info]: default topology: lm: 1 comp_enc:0 intf: 1
[   13.753219] apr_tal_rpmsg qcom,glink:adsp.apr_audio_svc.-1.-1: apr_tal_rpmsg_probe: Channel[apr_audio_svc] state[Up]
[   13.760718] ------------[ cut here ]------------
[   13.775064] WARNING: CPU: 6 PID: 90 at kernel/irq/chip.c:243 __irq_startup+0x9c/0xa0
[   13.782822] Modules linked in: machine_dlkm(O) rouleur_slave_dlkm(O) rouleur_dlkm(O) pm2250_spmi_dlkm(O) wcd937x_slave_dlkm(O) wcd937x_dlkm(O) mbhc_dlkm(O) tx_macro_dlkm(O) rx_macro_dlkm(O) va_macro_dlkm(O) bolero_cdc_dlkm(O) wsa881x_analog_dlkm(O) wcd9xxx_dlkm(O) wcd_core_dlkm(O) stub_dlkm(O) swr_ctrl_dlkm(O) swr_dlkm(O) pinctrl_lpi_dlkm(O) usf_dlkm(O) native_dlkm(O) platform_dlkm(O) q6_dlkm(O) adsp_loader_dlkm(O) apr_dlkm(O) snd_event_dlkm(O) q6_notifier_dlkm(O) q6_pdr_dlkm(O)
[   13.825254] CPU: 6 PID: 90 Comm: kworker/6:2 Tainted: G           O      4.19.157+ #7
[   13.833103] Hardware name: Qualcomm Technologies, Inc. BENGAL (Flattened Device Tree)
[   13.840978] Workqueue: events request_firmware_work_func
[   13.846339] [<c0111c78>] (unwind_backtrace) from [<c010d1b0>] (show_stack+0x10/0x14)
[   13.854108] [<c010d1b0>] (show_stack) from [<c12b8f18>] (dump_stack+0x9c/0xe4)
[   13.861358] [<c12b8f18>] (dump_stack) from [<c012ba18>] (__warn+0xac/0x100)
[   13.868352] [<c012ba18>] (__warn) from [<c012bb70>] (warn_slowpath_null+0x40/0x48)
[   13.875946] [<c012bb70>] (warn_slowpath_null) from [<c01bf6fc>] (__irq_startup+0x9c/0xa0)
[   13.884151] [<c01bf6fc>] (__irq_startup) from [<c01bf518>] (irq_startup+0x38/0x128)
[   13.891844] [<c01bf518>] (irq_startup) from [<c01bcaf8>] (enable_irq+0x50/0x98)
[   13.899178] [<c01bcaf8>] (enable_irq) from [<c0ebefc4>] (sde_kms_handle_power_event+0x9c/0x1bc)
[   13.907905] [<c0ebefc4>] (sde_kms_handle_power_event) from [<c0eba298>] (sde_kms_hw_init+0x1cfc/0x2064)
[   13.917328] [<c0eba298>] (sde_kms_hw_init) from [<c0f44000>] (msm_drm_bind+0x294/0x91c)
[   13.925363] [<c0f44000>] (msm_drm_bind) from [<c0752000>] (try_to_bring_up_master+0x1f8/0x2d0)
[   13.934006] [<c0752000>] (try_to_bring_up_master) from [<c075266c>] (component_add+0xb8/0x150)
[   13.942648] [<c075266c>] (component_add) from [<c0f2bed0>] (dsi_display_init+0xcc8/0xda0)
[   13.950857] [<c0f2bed0>] (dsi_display_init) from [<c0f2b1e8>] (dsi_display_firmware_display+0xa4/0xc4)
[   13.960199] [<c0f2b1e8>] (dsi_display_firmware_display) from [<c0771c20>] (request_firmware_work_func+0x50/0x88)
[   13.970405] [<c0771c20>] (request_firmware_work_func) from [<c014a6e8>] (process_one_work+0x20c/0x4f0)
[   13.979740] [<c014a6e8>] (process_one_work) from [<c014acd4>] (worker_thread+0x2a0/0x4d8)
[   13.987940] [<c014acd4>] (worker_thread) from [<c014f5bc>] (kthread+0x1a4/0x1ac)
[   13.995369] [<c014f5bc>] (kthread) from [<c01010b4>] (ret_from_fork+0x14/0x20)
[   14.002618] Exception stack(0xf49e5fb0 to 0xf49e5ff8)
[   14.007696] 5fa0:                                     00000000 00000000 00000000 00000000
[   14.015898] 5fc0: 00000000 00000000 00000000 00000000 00000000 00000000 00000000 00000000
[   14.024103] 5fe0: 00000000 00000000 00000000 00000000 00000013 00000000
[   14.030748] ---[ end trace b27a226340e4af27 ]---
[   14.037176] [drm] Supports vblank timestamp caching Rev 2 (21.10.2013).
[   14.043817] [drm] No driver support for vblank timestamp query.
[   14.066253] [drm] Initialized msm_drm 1.3.0 20130625 for 5e00000.qcom,mdss_mdp on minor 0
[   14.081185] [drm] cont_splash feature not enabled
[   14.084034] init: Service 'exec 16 (/vendor/bin/init.qcom.early_boot.sh)' (pid 658) exited with status 0 waiting took 0.486000 seconds
[   14.098280] init: Sending signal 9 to service 'exec 16 (/vendor/bin/init.qcom.early_boot.sh)' (pid 658) process group...
[   14.109544] libprocessgroup: Successfully killed process cgroup uid 0 pid 658 in 0ms
[   14.118013] init: Command 'exec u:r:vendor_qti_init_shell:s0 -- /vendor/bin/init.qti.can.sh' action=early-boot (/vendor/etc/init/hw/init.qcom.rc:92) took 0ms and failed: Could not start exec service: Cannot find '/vendor/bin/init.qti.can.sh': No such file or directory
[   14.152032] init: processing action (early-boot) from (/vendor/etc/init/hw/init.target.rc:71)
[   14.160829] init: processing action (early-boot) from (/system/etc/init/installd.rc:5)
[   14.188290] init: processing action (early-boot) from (/vendor/etc/init/init.vendor.sensors.rc:32)
[   14.199383] init: processing action (early-boot) from (/vendor/etc/init/ipa_fws.rc:6)
[   14.207840] init: processing action (early-boot) from (/vendor/etc/init/ssgtzd.rc:11)
[   14.210845] ipa ipa_smmu_11ad_cb_probe:8176 11AD SMMU is disabled
[   14.210900] subsys-pil-tz soc:qcom,ipa_fws: Falling back to syfs fallback for: ipa_fws.mdt
[   14.216325] init: starting service 'vendor.ssgtzd'...
[   14.226579] subsys-pil-tz soc:qcom,ipa_fws: ipa_fws: loading from 0x55600000 to 0x55605000
[   14.249014] subsys-pil-tz soc:qcom,ipa_fws: Falling back to syfs fallback for: ipa_fws.b02
[   14.249021] subsys-pil-tz soc:qcom,ipa_fws: Falling back to syfs fallback for: ipa_fws.b03
[   14.257459] subsys-pil-tz soc:qcom,ipa_fws: Falling back to syfs fallback for: ipa_fws.b04
[   14.297827] subsys-pil-tz soc:qcom,ipa_fws: ipa_fws: Brought out of reset
[   14.335592] IPA FW loaded successfully
[   14.354639] gsi soc:qcom,msm_gsi: gsi_register_device:1203 GSI irq is wake enabled 64
[   14.387240] rmnet_ipa3 started initialization
[   14.388138] IPA driver initialization was successful.
[   14.392518] IPA SSR support = True
[   14.406079] IPA SG support = True
[   14.409802] IPA Napi Enable = True
[   14.413232] using default for wan-rx-desc-size = 256
[   14.427199] ipa-wan ipa3_wwan_probe:2530 rmnet_ipa completed initialization
[   14.447184] ipa ipa3_ioctl:2851 FNR stats not supported on IPA ver 16
[   14.461632] healthd: Unknown power supply type 'BMS'
[   14.473517] healthd: Unknown power supply type 'Main'
[   14.480885] healthd: batteryCapacityLevelPath not found
[   14.506134] healthd: battery l=91 v=4265 t=25.0 h=2 st=2 c=-589447 fc=3581000 cc=0 chg=u
[   14.519376] sysmon-qmi: ssctl_new_server: Connection established between QMI handle and adsp's SSCTL service
[   14.521518] coresight-remote-etm soc:audio_etm0: Connection established between QMI handle and 5 service
[   14.525960] sysmon-qmi: ssctl_new_server: Connection established between QMI handle and cdsp's SSCTL service
[   14.525985] coresight-remote-etm soc:turing_etm0: Connection established between QMI handle and 13 service
[   14.526305] diag: In diag_send_feature_mask_update, control channel is not open, p: 5, c2e81e60
[   14.527725] diag: In diag_send_peripheral_buffering_mode, buffering flag not set for 5
[   14.529572] diag: In diag_send_feature_mask_update, control channel is not open, p: 1, c2e81b00
[   14.586537] diag: In diag_send_peripheral_buffering_mode, buffering flag not set for 1
[   14.631535] servloc: service_locator_new_server: Connection established with the Service locator
[   14.640454] servloc: init_service_locator: Service locator initialized
[   14.654464] adsprpc: fastrpc_get_service_location_notify: PDR notifier for adsp registered for msm/adsp/audio_pd (audio_pdr_adsprpc)
[   14.658982] rmt_storage:INFO:check_support_using_libmdm: Modem subsystem found on target!
[   14.666598] service-notifier: service_notifier_new_server: Connection established between QMI handle and 74 service
[   14.672839] adsprpc: fastrpc_get_service_location_notify: PDR notifier for adsp registered for msm/adsp/sensor_pd (sensors_pdr_adsprpc)
[   14.672843] adsprpc: fastrpc_get_service_location_notify: sensors_pdr_adsprpc (msm/adsp/sensor_pd) PDR service for adsp is uninitialized
[   14.672969] audio_notifer_reg_service: service PDR_ADSP is in use
[   14.672994] service-notifier: service_notifier_new_server: Connection established between QMI handle and 74 service
[   14.672996] adsprpc: fastrpc_get_service_location_notify: audio_pdr_adsprpc (msm/adsp/audio_pd) PDR service for adsp is uninitialized
[   14.673382] adsprpc: fastrpc_pdr_notifier_cb: msm/adsp/sensor_pd (sensors_pdr_adsprpc) is up on adsp
[   14.717150] rmt_storage:INFO:main: Done with init now waiting for messages!
[   14.751702] adsprpc: fastrpc_pdr_notifier_cb: msm/adsp/audio_pd (audio_pdr_adsprpc) is up on adsp
[   14.764185] apr_adsp_up: Q6 is Up
[   14.768910] msm-audio-ion soc:qcom,msm-audio-apr:qcom,msm-audio-ion: Linked as a consumer to c600000.apps-smmu
[   14.780234] sps:BAM 0x0a584000 (va:0xce4a0000) enabled: ver:0x19, number of pipes:13
[   14.780249] sps:BAM 0x0a584000 is registered.
[   14.792326] Mass Storage Function, version: 2009/09/11
[   14.792335] LUN: removable file: (no medium)
[   14.794465] iommu: Adding device soc:qcom,msm-audio-apr:qcom,msm-audio-ion to group 38
[   14.814478] file system registered
[   14.820659] f_cdev_alloc: port_name:at_usb0 (ed7d8800) portno:(0)
[   14.823530] f_cdev_alloc: port_name:at_usb1 (ed7de800) portno:(1)
[   14.830377] f_cdev_alloc: port_name:at_usb2 (edf2e000) portno:(2)
[   14.909180] qcom-lpi-pinctrl soc:qcom,msm-audio-apr:qcom,q6core-audio:lpi_pinctrl@ac40000: snd_event_notify: No snd dev entry found
[   14.935764] pengzh: machine probe start
[   14.939639] pengzh:total links = 33
[   14.943151] pengzh:total links = 39
[   14.946705] pengzh:total links = 49
[   14.950244] pengzh: num_links = 61
[   14.954369] pengzh: card->num_links = 61
[   14.959878] bengal-asoc-snd soc:qcom,msm-audio-apr:qcom,q6core-audio:sound: msm_init_aux_dev: found 1 wsa881x devices registered with ALSA core
[   14.961104] pengzh: machine probe start
[   14.965016] pengzh:total links = 33
[   14.968529] pengzh:total links = 39
[   14.972041] pengzh:total links = 49
[   14.975627] pengzh: num_links = 61
[   14.979657] pengzh: card->num_links = 61
[   14.985199] bengal-asoc-snd soc:qcom,msm-audio-apr:qcom,q6core-audio:sound: msm_init_aux_dev: found 1 wsa881x devices registered with ALSA core
[   14.986570] bolero-clk-rsc-mngr bolero-clk-rsc-mngr: DMA mask not set
[   14.988266] va_macro va-macro: DMA mask not set
[   14.988928] va_macro va-macro: bolero_register_macro: register macro successful:3
[   14.990292] rx_macro rx-macro: DMA mask not set
[   14.990934] rx_macro rx-macro: bolero_register_macro: register macro successful:1
[   14.992142] tx_macro tx-macro: DMA mask not set
[   14.992219] msm_cdc_pinctrl_get_gpiodata: device node is null
[   14.998136] tx_macro tx-macro: bolero_register_macro: register macro successful:0
[   14.999424] wcd937x_codec wcd937x-codec: DMA mask not set
